Component: ARM Compiler 5.05 update 1 (build 106) Tool: armlink [4d0efa]

==============================================================================

Section Cross References

    startup_stm32f103xb.o(RESET) refers to startup_stm32f103xb.o(STACK) for __initial_sp
    startup_stm32f103xb.o(RESET) refers to startup_stm32f103xb.o(.text) for Reset_Handler
    startup_stm32f103xb.o(RESET) refers to stm32f1xx_it.o(i.NMI_Handler) for NMI_Handler
    startup_stm32f103xb.o(RESET) refers to stm32f1xx_it.o(i.HardFault_Handler) for HardFault_Handler
    startup_stm32f103xb.o(RESET) refers to stm32f1xx_it.o(i.MemManage_Handler) for MemManage_Handler
    startup_stm32f103xb.o(RESET) refers to stm32f1xx_it.o(i.BusFault_Handler) for BusFault_Handler
    startup_stm32f103xb.o(RESET) refers to stm32f1xx_it.o(i.UsageFault_Handler) for UsageFault_Handler
    startup_stm32f103xb.o(RESET) refers to stm32f1xx_it.o(i.SVC_Handler) for SVC_Handler
    startup_stm32f103xb.o(RESET) refers to stm32f1xx_it.o(i.DebugMon_Handler) for DebugMon_Handler
    startup_stm32f103xb.o(RESET) refers to os_cpu_a.o(CODE) for PendSV_Handler
    startup_stm32f103xb.o(RESET) refers to os_cpu_c.o(i.SysTick_Handler) for SysTick_Handler
    startup_stm32f103xb.o(RESET) refers to stm32f1xx_it.o(i.DMA1_Channel1_IRQHandler) for DMA1_Channel1_IRQHandler
    startup_stm32f103xb.o(RESET) refers to stm32f1xx_it.o(i.USB_LP_CAN1_RX0_IRQHandler) for USB_LP_CAN1_RX0_IRQHandler
    startup_stm32f103xb.o(.text) refers to system_stm32f1xx.o(i.SystemInit) for SystemInit
    startup_stm32f103xb.o(.text) refers to entry.o(.ARM.Collect$$$$00000000) for __main
    bsp.o(i.BSP_CPU_ClkFreq) refers to stm32f1xx_hal_rcc.o(i.HAL_RCC_GetHCLKFreq) for HAL_RCC_GetHCLKFreq
    bsp.o(i.CPU_TS32_to_uSec) refers to stm32f1xx_hal_rcc.o(i.HAL_RCC_GetHCLKFreq) for HAL_RCC_GetHCLKFreq
    bsp.o(i.CPU_TS32_to_uSec) refers to uldiv.o(.text) for __aeabi_uldivmod
    bsp.o(i.CPU_TS_TmrInit) refers to stm32f1xx_hal_rcc.o(i.HAL_RCC_GetHCLKFreq) for HAL_RCC_GetHCLKFreq
    bsp.o(i.CPU_TS_TmrInit) refers to cpu_core.o(i.CPU_TS_TmrFreqSet) for CPU_TS_TmrFreqSet
    cpu_core.o(i.CPU_CntLeadZeros08) refers to cpu_a.o(.text) for CPU_CntLeadZeros
    cpu_core.o(i.CPU_CntLeadZeros16) refers to cpu_a.o(.text) for CPU_CntLeadZeros
    cpu_core.o(i.CPU_CntLeadZeros32) refers to cpu_a.o(.text) for CPU_CntLeadZeros
    cpu_core.o(i.CPU_CntLeadZeros64) refers to cpu_core.o(.constdata) for .constdata
    cpu_core.o(i.CPU_CntTrailZeros08) refers to cpu_a.o(.text) for CPU_CntTrailZeros
    cpu_core.o(i.CPU_CntTrailZeros16) refers to cpu_a.o(.text) for CPU_CntTrailZeros
    cpu_core.o(i.CPU_CntTrailZeros32) refers to cpu_a.o(.text) for CPU_CntTrailZeros
    cpu_core.o(i.CPU_CntTrailZeros64) refers to cpu_core.o(i.CPU_CntLeadZeros64) for CPU_CntLeadZeros64
    cpu_core.o(i.CPU_Init) refers to bsp.o(i.CPU_TS_TmrInit) for CPU_TS_TmrInit
    cpu_core.o(i.CPU_Init) refers to cpu_core.o(i.CPU_IntDisMeasInit) for CPU_IntDisMeasInit
    cpu_core.o(i.CPU_Init) refers to cpu_core.o(i.CPU_NameClr) for CPU_NameClr
    cpu_core.o(i.CPU_Init) refers to cpu_core.o(.data) for .data
    cpu_core.o(i.CPU_IntDisMeasInit) refers to cpu_a.o(.text) for CPU_SR_Save
    cpu_core.o(i.CPU_IntDisMeasInit) refers to cpu_core.o(i.CPU_IntDisMeasStart) for CPU_IntDisMeasStart
    cpu_core.o(i.CPU_IntDisMeasInit) refers to cpu_core.o(i.CPU_IntDisMeasStop) for CPU_IntDisMeasStop
    cpu_core.o(i.CPU_IntDisMeasInit) refers to cpu_core.o(.data) for .data
    cpu_core.o(i.CPU_IntDisMeasMaxCalc) refers to cpu_core.o(.data) for .data
    cpu_core.o(i.CPU_IntDisMeasMaxCurGet) refers to cpu_a.o(.text) for CPU_SR_Save
    cpu_core.o(i.CPU_IntDisMeasMaxCurGet) refers to cpu_core.o(i.CPU_IntDisMeasMaxCalc) for CPU_IntDisMeasMaxCalc
    cpu_core.o(i.CPU_IntDisMeasMaxCurGet) refers to cpu_core.o(.data) for .data
    cpu_core.o(i.CPU_IntDisMeasMaxCurReset) refers to cpu_core.o(i.CPU_IntDisMeasMaxCurGet) for CPU_IntDisMeasMaxCurGet
    cpu_core.o(i.CPU_IntDisMeasMaxCurReset) refers to cpu_a.o(.text) for CPU_SR_Save
    cpu_core.o(i.CPU_IntDisMeasMaxCurReset) refers to cpu_core.o(.data) for .data
    cpu_core.o(i.CPU_IntDisMeasMaxGet) refers to cpu_a.o(.text) for CPU_SR_Save
    cpu_core.o(i.CPU_IntDisMeasMaxGet) refers to cpu_core.o(i.CPU_IntDisMeasMaxCalc) for CPU_IntDisMeasMaxCalc
    cpu_core.o(i.CPU_IntDisMeasMaxGet) refers to cpu_core.o(.data) for .data
    cpu_core.o(i.CPU_IntDisMeasStart) refers to bsp.o(i.CPU_TS_TmrRd) for CPU_TS_TmrRd
    cpu_core.o(i.CPU_IntDisMeasStart) refers to cpu_core.o(.data) for .data
    cpu_core.o(i.CPU_IntDisMeasStop) refers to bsp.o(i.CPU_TS_TmrRd) for CPU_TS_TmrRd
    cpu_core.o(i.CPU_IntDisMeasStop) refers to cpu_core.o(.data) for .data
    cpu_core.o(i.CPU_NameClr) refers to cpu_a.o(.text) for CPU_SR_Save
    cpu_core.o(i.CPU_NameClr) refers to cpu_core.o(i.CPU_IntDisMeasStart) for CPU_IntDisMeasStart
    cpu_core.o(i.CPU_NameClr) refers to lib_mem.o(i.Mem_Clr) for Mem_Clr
[...]
    HAL_PCD_ResetCallback                    0x08006401   Thumb Code    38  usbd_conf.o(i.HAL_PCD_ResetCallback)
    HAL_PCD_ResumeCallback                   0x08006427   Thumb Code     8  usbd_conf.o(i.HAL_PCD_ResumeCallback)
    HAL_PCD_SOFCallback                      0x0800642f   Thumb Code     8  usbd_conf.o(i.HAL_PCD_SOFCallback)
    HAL_PCD_SetAddress                       0x08006437   Thumb Code    40  stm32f1xx_hal_pcd.o(i.HAL_PCD_SetAddress)
    HAL_PCD_SetupStageCallback               0x0800645f   Thumb Code    14  usbd_conf.o(i.HAL_PCD_SetupStageCallback)
    HAL_PCD_Start                            0x0800646d   Thumb Code    50  stm32f1xx_hal_pcd.o(i.HAL_PCD_Start)
    HAL_PCD_SuspendCallback                  0x080064a1   Thumb Code    30  usbd_conf.o(i.HAL_PCD_SuspendCallback)
    HAL_RCCEx_PeriphCLKConfig                0x080064c5   Thumb Code   224  stm32f1xx_hal_rcc_ex.o(i.HAL_RCCEx_PeriphCLKConfig)
    HAL_RCC_ClockConfig                      0x080065b1   Thumb Code   280  stm32f1xx_hal_rcc.o(i.HAL_RCC_ClockConfig)
    HAL_RCC_GetHCLKFreq                      0x080066dd   Thumb Code     6  stm32f1xx_hal_rcc.o(i.HAL_RCC_GetHCLKFreq)
    HAL_RCC_GetSysClockFreq                  0x080066e9   Thumb Code    74  stm32f1xx_hal_rcc.o(i.HAL_RCC_GetSysClockFreq)
    HAL_RCC_OscConfig                        0x08006755   Thumb Code   778  stm32f1xx_hal_rcc.o(i.HAL_RCC_OscConfig)
    HAL_SYSTICK_Config                       0x08006a75   Thumb Code    40  stm32f1xx_hal_cortex.o(i.HAL_SYSTICK_Config)
    HAL_TIMEx_MasterConfigSynchronization    0x08006a9d   Thumb Code    66  stm32f1xx_hal_tim_ex.o(i.HAL_TIMEx_MasterConfigSynchronization)
    HAL_TIM_Base_Init                        0x08006adf   Thumb Code    54  stm32f1xx_hal_tim.o(i.HAL_TIM_Base_Init)
    HAL_TIM_Base_MspInit                     0x08006b15   Thumb Code    30  tim.o(i.HAL_TIM_Base_MspInit)
    HAL_TIM_Base_Start                       0x08006b3d   Thumb Code    36  stm32f1xx_hal_tim.o(i.HAL_TIM_Base_Start)
    HAL_TIM_Base_Stop                        0x08006b61   Thumb Code    44  stm32f1xx_hal_tim.o(i.HAL_TIM_Base_Stop)
    HAL_TIM_ConfigClockSource                0x08006b8d   Thumb Code   214  stm32f1xx_hal_tim.o(i.HAL_TIM_ConfigClockSource)
    HardFault_Handler                        0x08006c63   Thumb Code     2  stm32f1xx_it.o(i.HardFault_Handler)
    Init_PC_Data                             0x08006c65   Thumb Code   134  display_menu.o(i.Init_PC_Data)
    MX_ADC1_Init                             0x08006d29   Thumb Code    68  adc.o(i.MX_ADC1_Init)
    MX_DMA_Init                              0x08006d75   Thumb Code    40  dma.o(i.MX_DMA_Init)
    MX_GPIO_Init                             0x08006da1   Thumb Code   118  gpio.o(i.MX_GPIO_Init)
    MX_TIM3_Init                             0x08006e25   Thumb Code    94  tim.o(i.MX_TIM3_Init)
    MX_USB_DEVICE_Init                       0x08006e8d   Thumb Code    66  usb_device.o(i.MX_USB_DEVICE_Init)
    MemManage_Handler                        0x08006ee1   Thumb Code     2  stm32f1xx_it.o(i.MemManage_Handler)
    Mem_Clr                                  0x08006ee3   Thumb Code     8  lib_mem.o(i.Mem_Clr)
    Mem_Set                                  0x08006eed   Thumb Code    76  lib_mem.o(i.Mem_Set)
    NMI_Handler                              0x08006f39   Thumb Code     2  stm32f1xx_it.o(i.NMI_Handler)
    OLED_Clear                               0x08006f3d   Thumb Code    40  oled.o(i.OLED_Clear)
    OLED_ClearPoint                          0x08006f69   Thumb Code    28  oled.o(i.OLED_ClearPoint)
    OLED_ColorTurn                           0x08006f89   Thumb Code    24  oled.o(i.OLED_ColorTurn)
    OLED_DisplayTurn                         0x08006fa1   Thumb Code    44  oled.o(i.OLED_DisplayTurn)
    OLED_DrawPoint                           0x08006fcd   Thumb Code    44  oled.o(i.OLED_DrawPoint)
    OLED_Init                                0x08006ffd   Thumb Code   348  oled.o(i.OLED_Init)
    OLED_Only_Clear                          0x08007161   Thumb Code    36  oled.o(i.OLED_Only_Clear)
    OLED_Pow                                 0x08007189   Thumb Code    16  oled.o(i.OLED_Pow)
    OLED_Refresh                             0x08007199   Thumb Code    94  oled.o(i.OLED_Refresh)
    OLED_ShowChar                            0x080071fd   Thumb Code   184  oled.o(i.OLED_ShowChar)
    OLED_ShowChinese                         0x080072c5   Thumb Code   196  oled.o(i.OLED_ShowChinese)
    OLED_ShowNum                             0x08007391   Thumb Code    80  oled.o(i.OLED_ShowNum)
    OLED_ShowNum_Nozero                      0x080073e1   Thumb Code   114  oled.o(i.OLED_ShowNum_Nozero)
    OLED_ShowNum_Space                       0x08007453   Thumb Code    82  oled.o(i.OLED_ShowNum_Space)
    OLED_ShowString                          0x080074a5   Thumb Code    64  oled.o(i.OLED_ShowString)
    OLED_ShowString_Space                    0x080074e5   Thumb Code    72  oled.o(i.OLED_ShowString_Space)
    OLED_WR_Byte                             0x0800752d   Thumb Code    98  oled.o(i.OLED_WR_Byte)
    OSCfg_Init                               0x08007595   Thumb Code     2  os_cfg_app.o(i.OSCfg_Init)
    OSIdleTaskHook                           0x08007599   Thumb Code    12  os_cpu_c.o(i.OSIdleTaskHook)
    OSInit                                   0x080075a9   Thumb Code   278  os_core.o(i.OSInit)
    OSInitHook                               0x08007721   Thumb Code    38  os_cpu_c.o(i.OSInitHook)
    OSIntExit                                0x08007755   Thumb Code   108  os_core.o(i.OSIntExit)
    OSSched                                  0x080077e5   Thumb Code    90  os_core.o(i.OSSched)
    OSSchedLock                              0x08007861   Thumb Code    80  os_core.o(i.OSSchedLock)
    OSSchedRoundRobinCfg                     0x080078bd   Thumb Code    74  os_core.o(i.OSSchedRoundRobinCfg)
    OSSchedUnlock                            0x08007915   Thumb Code   104  os_core.o(i.OSSchedUnlock)
    OSStart                                  0x08007989   Thumb Code    62  os_core.o(i.OSStart)
    OSStatReset                              0x080079e1   Thumb Code   194  os_stat.o(i.OSStatReset)
    OSStatTaskCPUUsageInit                   0x08007ac9   Thumb Code   150  os_stat.o(i.OSStatTaskCPUUsageInit)
    OSStatTaskHook                           0x08007b7d   Thumb Code    12  os_cpu_c.o(i.OSStatTaskHook)
    OSTaskCreate                             0x08007b8d   Thumb Code   346  os_task.o(i.OSTaskCreate)
    OSTaskCreateHook                         0x08007d01   Thumb Code    12  os_cpu_c.o(i.OSTaskCreateHook)
    OSTaskDel                                0x08007d11   Thumb Code   216  os_task.o(i.OSTaskDel)
    OSTaskDelHook                            0x08007df9   Thumb Code    12  os_cpu_c.o(i.OSTaskDelHook)
    OSTaskResume                             0x08007e09   Thumb Code    80  os_task.o(i.OSTaskResume)
    OSTaskReturnHook                         0x08007e61   Thumb Code    12  os_cpu_c.o(i.OSTaskReturnHook)
    OSTaskSemPend                            0x08007e71   Thumb Code   304  os_task.o(i.OSTaskSemPend)
    OSTaskSemPost                            0x08007fad   Thumb Code    46  os_task.o(i.OSTaskSemPost)
    OSTaskStkChk                             0x08007fdd   Thumb Code   162  os_task.o(i.OSTaskStkChk)
    OSTaskStkInit                            0x08008089   Thumb Code   108  os_cpu_c.o(i.OSTaskStkInit)
    OSTaskSuspend                            0x080080f9   Thumb Code    30  os_task.o(i.OSTaskSuspend)
    OSTaskSwHook                             0x08008121   Thumb Code    86  os_cpu_c.o(i.OSTaskSwHook)
    OSTimeDly                                0x08008189   Thumb Code   140  os_time.o(i.OSTimeDly)
    OSTimeDlyHMSM                            0x08008221   Thumb Code   276  os_time.o(i.OSTimeDlyHMSM)
    OSTimeTick                               0x08008345   Thumb Code    62  os_time.o(i.OSTimeTick)
    OSTimeTickHook                           0x0800839d   Thumb Code    12  os_cpu_c.o(i.OSTimeTickHook)
    OS_Dbg_Init                              0x080083ad   Thumb Code     2  os_dbg.o(i.OS_Dbg_Init)
    OS_FlagInit                              0x080083b1   Thumb Code    14  os_flag.o(i.OS_FlagInit)
    OS_IdleTask                              0x080083c9   Thumb Code    42  os_core.o(i.OS_IdleTask)
    OS_IdleTaskInit                          0x080083fd   Thumb Code    60  os_core.o(i.OS_IdleTaskInit)
    OS_MemInit                               0x08008465   Thumb Code    14  os_mem.o(i.OS_MemInit)
    OS_MsgPoolInit                           0x0800847d   Thumb Code    92  os_msg.o(i.OS_MsgPoolInit)
    OS_MsgQFreeAll                           0x080084e5   Thumb Code    48  os_msg.o(i.OS_MsgQFreeAll)
    OS_MsgQInit                              0x08008519   Thumb Code    14  os_msg.o(i.OS_MsgQInit)
    OS_MutexInit                             0x08008529   Thumb Code    14  os_mutex.o(i.OS_MutexInit)
    OS_Pend                                  0x08008541   Thumb Code    74  os_core.o(i.OS_Pend)
    OS_PendDataInit                          0x08008591   Thumb Code    48  os_core.o(i.OS_PendDataInit)
    OS_PendDbgNameAdd                        0x080085c1   Thumb Code    46  os_core.o(i.OS_PendDbgNameAdd)
    OS_PendDbgNameRemove                     0x08008609   Thumb Code    22  os_core.o(i.OS_PendDbgNameRemove)
    OS_PendListInsertPrio                    0x08008625   Thumb Code    90  os_core.o(i.OS_PendListInsertPrio)
    OS_PendListRemove                        0x0800867f   Thumb Code    38  os_core.o(i.OS_PendListRemove)
    OS_PendListRemove1                       0x080086a5   Thumb Code    54  os_core.o(i.OS_PendListRemove1)
    OS_Post                                  0x080086db   Thumb Code   152  os_core.o(i.OS_Post)
    OS_Post1                                 0x08008773   Thumb Code    38  os_core.o(i.OS_Post1)
    OS_PrioGetHighest                        0x08008799   Thumb Code    32  os_prio.o(i.OS_PrioGetHighest)
    OS_PrioInit                              0x080087bd   Thumb Code     8  os_prio.o(i.OS_PrioInit)
    OS_PrioInsert                            0x080087c9   Thumb Code    28  os_prio.o(i.OS_PrioInsert)
    OS_PrioRemove                            0x080087e9   Thumb Code    28  os_prio.o(i.OS_PrioRemove)
    OS_QInit                                 0x08008809   Thumb Code    14  os_q.o(i.OS_QInit)
    OS_RdyListInit                           0x08008821   Thumb Code    32  os_core.o(i.OS_RdyListInit)
    OS_RdyListInsert                         0x08008845   Thumb Code    42  os_core.o(i.OS_RdyListInsert)
    OS_RdyListInsertHead                     0x08008875   Thumb Code    52  os_core.o(i.OS_RdyListInsertHead)
    OS_RdyListInsertTail                     0x080088ad   Thumb Code    48  os_core.o(i.OS_RdyListInsertTail)
    OS_RdyListMoveHeadToTail                 0x080088e1   Thumb Code    52  os_core.o(i.OS_RdyListMoveHeadToTail)
    OS_RdyListRemove                         0x08008915   Thumb Code    78  os_core.o(i.OS_RdyListRemove)
    OS_SchedLockTimeMeasStart                0x08008969   Thumb Code    20  os_core.o(i.OS_SchedLockTimeMeasStart)
    OS_SchedLockTimeMeasStop                 0x08008985   Thumb Code    42  os_core.o(i.OS_SchedLockTimeMeasStop)
    OS_SchedRoundRobin                       0x080089c1   Thumb Code    88  os_core.o(i.OS_SchedRoundRobin)
    OS_SemInit                               0x08008a29   Thumb Code    14  os_sem.o(i.OS_SemInit)
    OS_StatTask                              0x08008a41   Thumb Code   514  os_stat.o(i.OS_StatTask)
    OS_StatTaskInit                          0x08008c85   Thumb Code   118  os_stat.o(i.OS_StatTaskInit)
    OS_TaskBlock                             0x08008d41   Thumb Code    42  os_core.o(i.OS_TaskBlock)
    OS_TaskDbgListAdd                        0x08008d6d   Thumb Code    30  os_task.o(i.OS_TaskDbgListAdd)
    OS_TaskDbgListRemove                     0x08008d91   Thumb Code    50  os_task.o(i.OS_TaskDbgListRemove)
    OS_TaskInit                              0x08008dc9   Thumb Code    18  os_task.o(i.OS_TaskInit)
    OS_TaskInitTCB                           0x08008de9   Thumb Code   188  os_task.o(i.OS_TaskInitTCB)
    OS_TaskRdy                               0x08008eb1   Thumb Code    28  os_core.o(i.OS_TaskRdy)
    OS_TaskResume                            0x08008ecd   Thumb Code   184  os_task.o(i.OS_TaskResume)
    OS_TaskReturn                            0x08008f85   Thumb Code    20  os_task.o(i.OS_TaskReturn)
    OS_TaskSemPost                           0x08008f9d   Thumb Code   166  os_task.o(i.OS_TaskSemPost)
    OS_TaskSuspend                           0x08009049   Thumb Code   160  os_task.o(i.OS_TaskSuspend)
    OS_TickListInit                          0x080090f1   Thumb Code    34  os_tick.o(i.OS_TickListInit)
    OS_TickListInsert                        0x0800911d   Thumb Code   202  os_tick.o(i.OS_TickListInsert)
    OS_TickListRemove                        0x080091f5   Thumb Code    54  os_tick.o(i.OS_TickListRemove)
    OS_TickListResetPeak                     0x0800922d   Thumb Code    30  os_tick.o(i.OS_TickListResetPeak)
    OS_TickListUpdate                        0x08009255   Thumb Code   262  os_tick.o(i.OS_TickListUpdate)
    OS_TickTask                              0x0800936d   Thumb Code    36  os_tick.o(i.OS_TickTask)
    OS_TickTaskInit                          0x08009395   Thumb Code   112  os_tick.o(i.OS_TickTaskInit)
    OS_TmrInit                               0x0800943d   Thumb Code   172  os_tmr.o(i.OS_TmrInit)
    OS_TmrLink                               0x08009541   Thumb Code   140  os_tmr.o(i.OS_TmrLink)
    OS_TmrResetPeak                          0x080095d9   Thumb Code    30  os_tmr.o(i.OS_TmrResetPeak)
    OS_TmrTask                               0x08009601   Thumb Code   146  os_tmr.o(i.OS_TmrTask)
    OS_TmrUnlink                             0x080096a5   Thumb Code    68  os_tmr.o(i.OS_TmrUnlink)
    SVC_Handler                              0x080099b3   Thumb Code     2  stm32f1xx_it.o(i.SVC_Handler)
    SysTick_Handler                          0x080099b5   Thumb Code    42  os_cpu_c.o(i.SysTick_Handler)
    SystemClock_Config                       0x080099e5   Thumb Code   100  main.o(i.SystemClock_Config)
    SystemInit                               0x08009a49   Thumb Code    56  system_stm32f1xx.o(i.SystemInit)
    TIM_Base_SetConfig                       0x08009a95   Thumb Code    94  stm32f1xx_hal_tim.o(i.TIM_Base_SetConfig)
    TIM_ETR_SetConfig                        0x08009b01   Thumb Code    20  stm32f1xx_hal_tim.o(i.TIM_ETR_SetConfig)
    USBD_CUSTOM_HID_RegisterInterface        0x08009c89   Thumb Code    16  usbd_customhid.o(i.USBD_CUSTOM_HID_RegisterInterface)
    USBD_CUSTOM_HID_SendReport               0x08009c99   Thumb Code    44  usbd_customhid.o(i.USBD_CUSTOM_HID_SendReport)
    USBD_ClrClassConfig                      0x08009dbd   Thumb Code    14  usbd_core.o(i.USBD_ClrClassConfig)
    USBD_CtlContinueRx                       0x08009dcb   Thumb Code    16  usbd_ioreq.o(i.USBD_CtlContinueRx)
    USBD_CtlContinueSendData                 0x08009ddb   Thumb Code    16  usbd_ioreq.o(i.USBD_CtlContinueSendData)
    USBD_CtlError                            0x08009deb   Thumb Code    22  usbd_ctlreq.o(i.USBD_CtlError)
    USBD_CtlPrepareRx                        0x08009e01   Thumb Code    30  usbd_ioreq.o(i.USBD_CtlPrepareRx)
    USBD_CtlReceiveStatus                    0x08009e1f   Thumb Code    22  usbd_ioreq.o(i.USBD_CtlReceiveStatus)
    USBD_CtlSendData                         0x08009e35   Thumb Code    26  usbd_ioreq.o(i.USBD_CtlSendData)
    USBD_CtlSendStatus                       0x08009e4f   Thumb Code    22  usbd_ioreq.o(i.USBD_CtlSendStatus)
    USBD_FS_ConfigStrDescriptor              0x08009e65   Thumb Code    16  usbd_desc.o(i.USBD_FS_ConfigStrDescriptor)
    USBD_FS_DeviceDescriptor                 0x08009e8d   Thumb Code     8  usbd_desc.o(i.USBD_FS_DeviceDescriptor)
    USBD_FS_InterfaceStrDescriptor           0x08009e99   Thumb Code    16  usbd_desc.o(i.USBD_FS_InterfaceStrDescriptor)
    USBD_FS_LangIDStrDescriptor              0x08009ec5   Thumb Code     8  usbd_desc.o(i.USBD_FS_LangIDStrDescriptor)
    USBD_FS_ManufacturerStrDescriptor        0x08009ed1   Thumb Code    16  usbd_desc.o(i.USBD_FS_ManufacturerStrDescriptor)
    USBD_FS_ProductStrDescriptor             0x08009ef9   Thumb Code    16  usbd_desc.o(i.USBD_FS_ProductStrDescriptor)
    USBD_FS_SerialStrDescriptor              0x08009f2d   Thumb Code    48  usbd_desc.o(i.USBD_FS_SerialStrDescriptor)
    USBD_GetString                           0x0800a04d   Thumb Code    72  usbd_ctlreq.o(i.USBD_GetString)
    USBD_Init                                0x0800a0ad   Thumb Code    42  usbd_core.o(i.USBD_Init)
    USBD_KEYBOADR_HID_SendReport             0x0800a0d7   Thumb Code    44  usbd_customhid.o(i.USBD_KEYBOADR_HID_SendReport)
    USBD_LL_ClearStallEP                     0x0800a103   Thumb Code    18  usbd_conf.o(i.USBD_LL_ClearStallEP)
    USBD_LL_CloseEP                          0x0800a115   Thumb Code    18  usbd_conf.o(i.USBD_LL_CloseEP)
    USBD_LL_DataInStage                      0x0800a127   Thumb Code   198  usbd_core.o(i.USBD_LL_DataInStage)
    USBD_LL_DataOutStage                     0x0800a1ed   Thumb Code   130  usbd_core.o(i.USBD_LL_DataOutStage)
    USBD_LL_Init                             0x0800a271   Thumb Code   104  usbd_conf.o(i.USBD_LL_Init)
    USBD_LL_IsStallEP                        0x0800a2e1   Thumb Code    28  usbd_conf.o(i.USBD_LL_IsStallEP)
    USBD_LL_OpenEP                           0x0800a2fd   Thumb Code    24  usbd_conf.o(i.USBD_LL_OpenEP)
    USBD_LL_PrepareReceive                   0x0800a315   Thumb Code    18  usbd_conf.o(i.USBD_LL_PrepareReceive)
    USBD_LL_Reset                            0x0800a327   Thumb Code    80  usbd_core.o(i.USBD_LL_Reset)
    USBD_LL_Resume                           0x0800a377   Thumb Code    20  usbd_core.o(i.USBD_LL_Resume)
    USBD_LL_SOF                              0x0800a38b   Thumb Code    24  usbd_core.o(i.USBD_LL_SOF)
    USBD_LL_SetSpeed                         0x0800a3a3   Thumb Code     6  usbd_core.o(i.USBD_LL_SetSpeed)
    USBD_LL_SetUSBAddress                    0x0800a3a9   Thumb Code    18  usbd_conf.o(i.USBD_LL_SetUSBAddress)
    USBD_LL_SetupStage                       0x0800a3bb   Thumb Code    90  usbd_core.o(i.USBD_LL_SetupStage)
    USBD_LL_StallEP                          0x0800a415   Thumb Code    18  usbd_conf.o(i.USBD_LL_StallEP)
    USBD_LL_Start                            0x0800a427   Thumb Code    18  usbd_conf.o(i.USBD_LL_Start)
    USBD_LL_Suspend                          0x0800a439   Thumb Code    18  usbd_core.o(i.USBD_LL_Suspend)
    USBD_LL_Transmit                         0x0800a44b   Thumb Code    18  usbd_conf.o(i.USBD_LL_Transmit)
    USBD_ParseSetupRequest                   0x0800a45d   Thumb Code    40  usbd_ctlreq.o(i.USBD_ParseSetupRequest)
    USBD_RegisterClass                       0x0800a485   Thumb Code    16  usbd_core.o(i.USBD_RegisterClass)
    USBD_SetClassConfig                      0x0800a495   Thumb Code    22  usbd_core.o(i.USBD_SetClassConfig)
    USBD_Start                               0x0800a531   Thumb Code    10  usbd_core.o(i.USBD_Start)
    USBD_StdDevReq                           0x0800a53b   Thumb Code   274  usbd_ctlreq.o(i.USBD_StdDevReq)
    USBD_StdEPReq                            0x0800a64d   Thumb Code   336  usbd_ctlreq.o(i.USBD_StdEPReq)
    USBD_StdItfReq                           0x0800a79d   Thumb Code    78  usbd_ctlreq.o(i.USBD_StdItfReq)
    USBD_static_free                         0x0800a7eb   Thumb Code     2  usbd_conf.o(i.USBD_static_free)
    USBD_static_malloc                       0x0800a7ed   Thumb Code     4  usbd_conf.o(i.USBD_static_malloc)
    USB_ActivateEndpoint                     0x0800a7f5   Thumb Code   614  stm32f1xx_ll_usb.o(i.USB_ActivateEndpoint)
    USB_CoreInit                             0x0800aa5b   Thumb Code     4  stm32f1xx_ll_usb.o(i.USB_CoreInit)
    USB_DeactivateEndpoint                   0x0800aa5f   Thumb Code   270  stm32f1xx_ll_usb.o(i.USB_DeactivateEndpoint)
    USB_DevConnect                           0x0800ab6d   Thumb Code     4  stm32f1xx_ll_usb.o(i.USB_DevConnect)
    USB_DevDisconnect                        0x0800ab71   Thumb Code     4  stm32f1xx_ll_usb.o(i.USB_DevDisconnect)
    USB_DevInit                              0x0800ab75   Thumb Code    30  stm32f1xx_ll_usb.o(i.USB_DevInit)
    USB_DisableGlobalInt                     0x0800ab93   Thumb Code    14  stm32f1xx_ll_usb.o(i.USB_DisableGlobalInt)
    USB_EP0_OutStart                         0x0800aba1   Thumb Code     4  stm32f1xx_ll_usb.o(i.USB_EP0_OutStart)
    USB_EPClearStall                         0x0800aba5   Thumb Code   120  stm32f1xx_ll_usb.o(i.USB_EPClearStall)
    USB_EPSetStall                           0x0800ac1d   Thumb Code    50  stm32f1xx_ll_usb.o(i.USB_EPSetStall)
    USB_EPStartXfer                          0x0800ac4f   Thumb Code   412  stm32f1xx_ll_usb.o(i.USB_EPStartXfer)
    USB_EnableGlobalInt                      0x0800adeb   Thumb Code    14  stm32f1xx_ll_usb.o(i.USB_EnableGlobalInt)
    USB_LP_CAN1_RX0_IRQHandler               0x0800adf9   Thumb Code     6  stm32f1xx_it.o(i.USB_LP_CAN1_RX0_IRQHandler)
    USB_ReadInterrupts                       0x0800ae05   Thumb Code     6  stm32f1xx_ll_usb.o(i.USB_ReadInterrupts)
    USB_ReadPMA                              0x0800ae0d   Thumb Code    44  stm32f1xx_ll_usb.o(i.USB_ReadPMA)
    USB_SetCurrentMode                       0x0800ae39   Thumb Code     4  stm32f1xx_ll_usb.o(i.USB_SetCurrentMode)
    USB_SetDevAddress                        0x0800ae3d   Thumb Code    12  stm32f1xx_ll_usb.o(i.USB_SetDevAddress)
    USB_WritePMA                             0x0800ae49   Thumb Code    38  stm32f1xx_ll_usb.o(i.USB_WritePMA)
    UsageFault_Handler                       0x0800ae6f   Thumb Code     2  stm32f1xx_it.o(i.UsageFault_Handler)
    __scatterload_copy                       0x0800ae91   Thumb Code    14  handlers.o(i.__scatterload_copy)
    __scatterload_null                       0x0800ae9f   Thumb Code     2  handlers.o(i.__scatterload_null)
    __scatterload_zeroinit                   0x0800aea1   Thumb Code    14  handlers.o(i.__scatterload_zeroinit)
    __set_errno                              0x0800aeb1   Thumb Code     6  errno.o(i.__set_errno)
    display_fft_1                            0x0800aebd   Thumb Code   138  display_fft.o(i.display_fft_1)
    display_fft_2                            0x0800af51   Thumb Code   110  display_fft.o(i.display_fft_2)
    display_fft_3                            0x0800afc9   Thumb Code   150  display_fft.o(i.display_fft_3)
    display_fft_4                            0x0800b069   Thumb Code   180  display_fft.o(i.display_fft_4)
    display_menu1                            0x0800b125   Thumb Code   478  display_menu.o(i.display_menu1)
    display_menu2                            0x0800b311   Thumb Code   436  display_menu.o(i.display_menu2)
    display_menu3                            0x0800b4fd   Thumb Code   160  display_menu.o(i.display_menu3)
    display_menu4_1                          0x0800b5ad   Thumb Code   110  display_menu.o(i.display_menu4_1)
    display_menu4_2                          0x0800b61b   Thumb Code    98  display_menu.o(i.display_menu4_2)
    display_menu5                            0x0800b67d   Thumb Code   218  display_menu.o(i.display_menu5)
    display_task                             0x0800b759   Thumb Code    94  main.o(i.display_task)
    key_task                                 0x0800b7bd   Thumb Code   514  main.o(i.key_task)
    keyboard_task                            0x0800b9e5   Thumb Code   136  main.o(i.keyboard_task)
    main                                     0x0800ba7d   Thumb Code   134  main.o(i.main)
    sqrt                                     0x0800bb25   Thumb Code    76  sqrt.o(i.sqrt)
    start_task                               0x0800bb71   Thumb Code   246  main.o(i.start_task)
    transform_CPUGPU                         0x0800bcc1   Thumb Code   142  transform.o(i.transform_CPUGPU)
    transform_DATA                           0x0800bd59   Thumb Code   340  transform.o(i.transform_DATA)
    usb_task                                 0x0800beb5   Thumb Code   258  main.o(i.usb_task)
    OSCfg_IdleTaskStkBasePtr                 0x0800bfd0   Data           4  os_cfg_app.o(.constdata)
    OSCfg_IdleTaskStkLimit                   0x0800bfd4   Data           4  os_cfg_app.o(.constdata)
    OSCfg_IdleTaskStkSize                    0x0800bfd8   Data           4  os_cfg_app.o(.constdata)
    OSCfg_ISRStkBasePtr                      0x0800bfdc   Data           4  os_cfg_app.o(.constdata)
    OSCfg_ISRStkSize                         0x0800bfe0   Data           4  os_cfg_app.o(.constdata)
    OSCfg_MsgPoolSize                        0x0800bfe4   Data           2  os_cfg_app.o(.constdata)
    OSCfg_MsgPoolBasePtr                     0x0800bfe8   Data           4  os_cfg_app.o(.constdata)
    OSCfg_StatTaskPrio                       0x0800bfec   Data           1  os_cfg_app.o(.constdata)
    OSCfg_StatTaskRate_Hz                    0x0800bff0   Data           4  os_cfg_app.o(.constdata)
    OSCfg_StatTaskStkBasePtr                 0x0800bff4   Data           4  os_cfg_app.o(.constdata)
    OSCfg_StatTaskStkLimit                   0x0800bff8   Data           4  os_cfg_app.o(.constdata)
    OSCfg_StatTaskStkSize                    0x0800bffc   Data           4  os_cfg_app.o(.constdata)
    OSCfg_StkSizeMin                         0x0800c000   Data           4  os_cfg_app.o(.constdata)
    OSCfg_TickRate_Hz                        0x0800c004   Data           4  os_cfg_app.o(.constdata)
    OSCfg_TickTaskPrio                       0x0800c008   Data           1  os_cfg_app.o(.constdata)
    OSCfg_TickTaskStkBasePtr                 0x0800c00c   Data           4  os_cfg_app.o(.constdata)
    OSCfg_TickTaskStkLimit                   0x0800c010   Data           4  os_cfg_app.o(.constdata)
    OSCfg_TickTaskStkSize                    0x0800c014   Data           4  os_cfg_app.o(.constdata)
    OSCfg_TickWheelSize                      0x0800c018   Data           2  os_cfg_app.o(.constdata)
    OSCfg_TmrTaskPrio                        0x0800c01a   Data           1  os_cfg_app.o(.constdata)
    OSCfg_TmrTaskRate_Hz                     0x0800c01c   Data           4  os_cfg_app.o(.constdata)
    OSCfg_TmrTaskStkBasePtr                  0x0800c020   Data           4  os_cfg_app.o(.constdata)
    OSCfg_TmrTaskStkLimit                    0x0800c024   Data           4  os_cfg_app.o(.constdata)
    OSCfg_TmrTaskStkSize                     0x0800c028   Data           4  os_cfg_app.o(.constdata)
    OSCfg_TmrWheelSize                       0x0800c02c   Data           2  os_cfg_app.o(.constdata)
    asc2_1206                                0x0800c02e   Data        1140  oled.o(.constdata)
    asc2_1608                                0x0800c4a2   Data        1568  oled.o(.constdata)
    asc2_2412                                0x0800cac2   Data        3420  oled.o(.constdata)
    asc2_3216                                0x0800d81e   Data         704  oled.o(.constdata)
    Hzk1                                     0x0800dade   Data        1408  oled.o(.constdata)
    Hzk2                                     0x0800e05e   Data         216  oled.o(.constdata)
    Hzk3                                     0x0800e136   Data        1408  oled.o(.constdata)
    AHBPrescTable                            0x0800e6b6   Data          16  system_stm32f1xx.o(.constdata)
    Region$$Table$$Base                      0x0800e750   Number         0  anon$$obj.o(Region$$Table)
    Region$$Table$$Limit                     0x0800e770   Number         0  anon$$obj.o(Region$$Table)
    CPU_IntDisMeasCtr                        0x20000000   Data           2  cpu_core.o(.data)
    CPU_IntDisNestCtr                        0x20000002   Data           2  cpu_core.o(.data)
    CPU_TS_TmrFreq_Hz                        0x20000004   Data           4  cpu_core.o(.data)
    CPU_IntDisMeasStart_cnts                 0x20000008   Data           4  cpu_core.o(.data)
    CPU_IntDisMeasStop_cnts                  0x2000000c   Data           4  cpu_core.o(.data)
    CPU_IntDisMeasOvrhd_cnts                 0x20000010   Data           4  cpu_core.o(.data)
    CPU_IntDisMeasMaxCur_cnts                0x20000014   Data           4  cpu_core.o(.data)
    CPU_IntDisMeasMax_cnts                   0x20000018   Data           4  cpu_core.o(.data)
    OSPrioTbl                                0x2000001c   Data           4  os_prio.o(.data)
    OS_AppTaskCreateHookPtr                  0x20000020   Data           4  os_var.o(.data)
    OS_AppTaskDelHookPtr                     0x20000024   Data           4  os_var.o(.data)
    OS_AppTaskReturnHookPtr                  0x20000028   Data           4  os_var.o(.data)
    OS_AppIdleTaskHookPtr                    0x2000002c   Data           4  os_var.o(.data)
    OS_AppStatTaskHookPtr                    0x20000030   Data           4  os_var.o(.data)
    OS_AppTaskSwHookPtr                      0x20000034   Data           4  os_var.o(.data)
    OS_AppTimeTickHookPtr                    0x20000038   Data           4  os_var.o(.data)
    OSIdleTaskCtr                            0x2000003c   Data           4  os_var.o(.data)
    OSIntNestingCtr                          0x20000040   Data           1  os_var.o(.data)
    OSIntDisTimeMax                          0x20000044   Data           4  os_var.o(.data)
    OSRunning                                0x20000048   Data           1  os_var.o(.data)
    OSFlagDbgListPtr                         0x2000004c   Data           4  os_var.o(.data)
    OSFlagQty                                0x20000050   Data           2  os_var.o(.data)
    OSMemDbgListPtr                          0x20000054   Data           4  os_var.o(.data)
    OSMemQty                                 0x20000058   Data           2  os_var.o(.data)
    OSMutexDbgListPtr                        0x2000005c   Data           4  os_var.o(.data)
    OSMutexQty                               0x20000060   Data           2  os_var.o(.data)
    OSPrioCur                                0x20000062   Data           1  os_var.o(.data)
    OSPrioHighRdy                            0x20000063   Data           1  os_var.o(.data)
    OSPrioSaved                              0x20000064   Data           1  os_var.o(.data)
    OSQDbgListPtr                            0x20000068   Data           4  os_var.o(.data)
    OSQQty                                   0x2000006c   Data           2  os_var.o(.data)
    OSSchedLockTimeBegin                     0x20000070   Data           4  os_var.o(.data)
    OSSchedLockTimeMax                       0x20000074   Data           4  os_var.o(.data)
    OSSchedLockTimeMaxCur                    0x20000078   Data           4  os_var.o(.data)
    OSSchedLockNestingCtr                    0x2000007c   Data           1  os_var.o(.data)
    OSSchedRoundRobinDfltTimeQuanta          0x20000080   Data           4  os_var.o(.data)
    OSSchedRoundRobinEn                      0x20000084   Data           1  os_var.o(.data)
    OSSemDbgListPtr                          0x20000088   Data           4  os_var.o(.data)
    OSSemQty                                 0x2000008c   Data           2  os_var.o(.data)
    OSStatResetFlag                          0x2000008e   Data           1  os_var.o(.data)
    OSStatTaskCPUUsage                       0x20000090   Data           2  os_var.o(.data)
    OSStatTaskCPUUsageMax                    0x20000092   Data           2  os_var.o(.data)
    OSStatTaskCtr                            0x20000094   Data           4  os_var.o(.data)
    OSStatTaskCtrMax                         0x20000098   Data           4  os_var.o(.data)
    OSStatTaskCtrRun                         0x2000009c   Data           4  os_var.o(.data)
    OSStatTaskRdy                            0x200000a0   Data           1  os_var.o(.data)
    OSStatTaskTimeMax                        0x200000a4   Data           4  os_var.o(.data)
    OSTaskCtxSwCtr                           0x200000a8   Data           4  os_var.o(.data)
    OSTaskDbgListPtr                         0x200000ac   Data           4  os_var.o(.data)
    OSTaskQty                                0x200000b0   Data           2  os_var.o(.data)
    OSTaskRegNextAvailID                     0x200000b2   Data           1  os_var.o(.data)
    OSTickCtr                                0x200000b4   Data           4  os_var.o(.data)
    OSTickTaskTimeMax                        0x200000b8   Data           4  os_var.o(.data)
    OSTmrDbgListPtr                          0x200000bc   Data           4  os_var.o(.data)
    OSTmrTaskTimeMax                         0x200000c0   Data           4  os_var.o(.data)
    OSTmrTickCtr                             0x200000c4   Data           4  os_var.o(.data)
    OSTmrUpdateCnt                           0x200000c8   Data           4  os_var.o(.data)
    OSTmrUpdateCtr                           0x200000cc   Data           4  os_var.o(.data)
    OSTCBCurPtr                              0x200000d0   Data           4  os_var.o(.data)
    OSTCBHighRdyPtr                          0x200000d4   Data           4  os_var.o(.data)
    OS_CPU_ExceptStkBase                     0x200000d8   Data           4  os_cpu_c.o(.data)
    PC_Data                                  0x200000dc   Data           4  display_menu.o(.data)
    week                                     0x200000e0   Data          32  display_menu.o(.data)
    month                                    0x20000100   Data          52  display_menu.o(.data)
    prt                                      0x20000134   Data           1  display_fft.o(.data)
    fft_num                                  0x20000135   Data           1  display_fft.o(.data)
    fft_auto_flag                            0x20000136   Data           1  display_fft.o(.data)
    MENU_NUM                                 0x2000013c   Data           4  main.o(.data)
    MENU_ALL                                 0x20000140   Data           4  main.o(.data)
    MENU4_FLAG                               0x20000144   Data           4  main.o(.data)
    FS_Desc                                  0x2000014c   Data          28  usbd_desc.o(.data)
    USBD_LangIDDesc                          0x20000168   Data           4  usbd_desc.o(.data)
    USBD_FS_DeviceDesc                       0x2000016c   Data          18  usbd_desc.o(.data)
    USBD_StringSerial                        0x20000180   Data          26  usbd_desc.o(.data)
    USBD_CustomHID_fops_FS                   0x200001c0   Data          16  usbd_custom_hid_if.o(.data)
    Address                                  0x200001d0   Data           4  flash.o(.data)
    PAGEError                                0x200001d4   Data           4  flash.o(.data)
    uwTickFreq                               0x200001d8   Data           1  stm32f1xx_hal.o(.data)
    uwTickPrio                               0x200001dc   Data           4  stm32f1xx_hal.o(.data)
    uwTick                                   0x200001e0   Data           4  stm32f1xx_hal.o(.data)
    SystemCoreClock                          0x200001e4   Data           4  system_stm32f1xx.o(.data)
    USBD_CUSTOM_HID                          0x200001ec   Data          56  usbd_customhid.o(.data)
    CPU_Name                                 0x2000034c   Data          16  cpu_core.o(.bss)
    OSCfg_IdleTaskStk                        0x2000035c   Data         512  os_cfg_app.o(.bss)
    OSCfg_ISRStk                             0x2000055c   Data         512  os_cfg_app.o(.bss)
    OSCfg_MsgPool                            0x2000075c   Data        1600  os_cfg_app.o(.bss)
    OSCfg_StatTaskStk                        0x20000d9c   Data         512  os_cfg_app.o(.bss)
    OSCfg_TickTaskStk                        0x20000f9c   Data         512  os_cfg_app.o(.bss)
    OSCfg_TickWheel                          0x2000119c   Data         136  os_cfg_app.o(.bss)
    OSCfg_TmrTaskStk                         0x20001224   Data         512  os_cfg_app.o(.bss)
    OSCfg_TmrWheel                           0x20001424   Data         136  os_cfg_app.o(.bss)
    OSIdleTaskTCB                            0x200014ac   Data         200  os_var.o(.bss)
    OSMsgPool                                0x20001574   Data          12  os_var.o(.bss)
    OSRdyList                                0x20001580   Data         384  os_var.o(.bss)
    OSStatTaskTCB                            0x20001700   Data         200  os_var.o(.bss)
    OSTickTaskTCB                            0x200017c8   Data         200  os_var.o(.bss)
    OSTmrTaskTCB                             0x20001890   Data         200  os_var.o(.bss)
    OLED_GRAM                                0x20001958   Data        1024  oled.o(.bss)
    PC1                                      0x20001d58   Data         116  display_menu.o(.bss)
    adc_buf                                  0x20001dcc   Data        1024  display_fft.o(.bss)
    lBufInArray                              0x200021cc   Data        1024  display_fft.o(.bss)
    lBufOutArray                             0x200025cc   Data         512  display_fft.o(.bss)
    lBufMagArray                             0x200027cc   Data         512  display_fft.o(.bss)
    fall_pot                                 0x200029cc   Data         128  display_fft.o(.bss)
    USB_Recive_Buffer                        0x20002a4c   Data          64  main.o(.bss)
    StartTaskTCB                             0x20002a8c   Data         200  main.o(.bss)
    START_TASK_STK                           0x20002b54   Data         512  main.o(.bss)
    Key_TaskTCB                              0x20002d54   Data         200  main.o(.bss)
    KEY_TASK_STK                             0x20002e1c   Data         512  main.o(.bss)
    UsbTaskTCB                               0x2000301c   Data         200  main.o(.bss)
    USB_TASK_STK                             0x200030e4   Data         512  main.o(.bss)
    DisplayTaskTCB                           0x200032e4   Data         200  main.o(.bss)
    DISPLAY_TASK_STK                         0x200033ac   Data         512  main.o(.bss)
    KeyboardTaskTCB                          0x200035ac   Data         200  main.o(.bss)
    KEYBOARD_TASK_STK                        0x20003674   Data         512  main.o(.bss)
    hadc1                                    0x20003874   Data          48  adc.o(.bss)
    hdma_adc1                                0x200038a4   Data          68  adc.o(.bss)
    htim3                                    0x200038e8   Data          64  tim.o(.bss)
    hUsbDeviceFS                             0x20003928   Data         708  usb_device.o(.bss)
    hpcd_USB_FS                              0x20003c44   Data         620  usbd_conf.o(.bss)
    USBD_StrDesc                             0x20003eb0   Data         512  usbd_desc.o(.bss)
    pFlash                                   0x200040c0   Data          32  stm32f1xx_hal_flash.o(.bss)
    __initial_sp                             0x200044e0   Data           0  startup_stm32f103xb.o(STACK)



==============================================================================

Memory Map of the image

  Image Entry point : 0x080040ed

  Load Region LR_IROM1 (Base: 0x08004000, Size: 0x0000aabc, Max: 0x00010000, ABSOLUTE, COMPRESSED[0x0000a8cc])

    Execution Region ER_IROM1 (Base: 0x08004000, Size: 0x0000a770, Max: 0x00010000, ABSOLUTE)

    Base Addr    Size         Type   Attr      Idx    E Section Name        Object

    0x08004000   0x000000ec   Data   RO            3    RESET               startup_stm32f103xb.o
    0x080040ec   0x00000000   Code   RO         6446  * .ARM.Collect$$$$00000000  mc_w.l(entry.o)
    0x080040ec   0x00000004   Code   RO         6475    .ARM.Collect$$$$00000001  mc_w.l(entry2.o)
    0x080040f0   0x00000004   Code   RO         6478    .ARM.Collect$$$$00000004  mc_w.l(entry5.o)
    0x080040f4   0x00000000   Code   RO         6480    .ARM.Collect$$$$00000008  mc_w.l(entry7b.o)
    0x080040f4   0x00000000   Code   RO         6482    .ARM.Collect$$$$0000000A  mc_w.l(entry8b.o)
    0x080040f4   0x00000008   Code   RO         6483    .ARM.Collect$$$$0000000B  mc_w.l(entry9a.o)
    0x080040fc   0x00000000   Code   RO         6485    .ARM.Collect$$$$0000000D  mc_w.l(entry10a.o)
    0x080040fc   0x00000000   Code   RO         6487    .ARM.Collect$$$$0000000F  mc_w.l(entry11a.o)
    0x080040fc   0x00000004   Code   RO         6476    .ARM.Collect$$$$00002712  mc_w.l(entry2.o)
    0x08004100   0x00000024   Code   RO            4    .text               startup_stm32f103xb.o
    0x08004124   0x00000034   Code   RO          344    .text               cpu_a.o
    0x08004158   0x000005de   Code   RO         2542    .text               cr4_fft_256_stm32.o
    0x08004736   0x00000020   Code   RO         6451    .text               mc_w.l(llushr.o)
    0x08004756   0x00000024   Code   RO         6453    .text               mc_w.l(memcpya.o)
    0x0800477a   0x00000024   Code   RO         6455    .text               mc_w.l(memseta.o)
    0x0800479e   0x000000b0   Code   RO         6459    .text               mf_w.l(fadd.o)
    0x0800484e   0x00000064   Code   RO         6461    .text               mf_w.l(fmul.o)
    0x080048b2   0x00000018   Code   RO         6463    .text               mf_w.l(fscalb.o)
    0x080048ca   0x0000002e   Code   RO         6465    .text               mf_w.l(dscalb.o)
    0x080048f8   0x00000012   Code   RO         6467    .text               mf_w.l(fflti.o)
    0x0800490a   0x00000028   Code   RO         6469    .text               mf_w.l(ffixui.o)
    0x08004932   0x00000026   Code   RO         6471    .text               mf_w.l(f2d.o)
    0x08004958   0x00000038   Code   RO         6473    .text               mf_w.l(d2f.o)
    0x08004990   0x0000001e   Code   RO         6489    .text               mc_w.l(llshl.o)
    0x080049ae   0x00000000   Code   RO         6498    .text               mc_w.l(iusefp.o)
    0x080049ae   0x0000006e   Code   RO         6499    .text               mf_w.l(fepilogue.o)
    0x08004a1c   0x000000a2   Code   RO         6501    .text               mf_w.l(dsqrt.o)
    0x08004abe   0x00000002   PAD
    0x08004ac0   0x00000024   Code   RO         6505    .text               mc_w.l(init.o)
    0x08004ae4   0x000000ba   Code   RO         6507    .text               mf_w.l(depilogue.o)
    0x08004b9e   0x00000056   Code   RO         6517    .text               mc_w.l(__dczerorl2.o)
    0x08004bf4   0x00000084   Code   RO         2022    CODE                os_cpu_a.o
    0x08004c78   0x0000004c   Code   RO         4843    i.ADC_ConversionStop_Disable  stm32f1xx_hal_adc.o
    0x08004cc4   0x0000004e   Code   RO         4844    i.ADC_DMAConvCplt   stm32f1xx_hal_adc.o
    0x08004d12   0x0000001a   Code   RO         4845    i.ADC_DMAError      stm32f1xx_hal_adc.o
    0x08004d2c   0x0000000a   Code   RO         4846    i.ADC_DMAHalfConvCplt  stm32f1xx_hal_adc.o
    0x08004d36   0x00000002   PAD
    0x08004d38   0x00000070   Code   RO         4847    i.ADC_Enable        stm32f1xx_hal_adc.o
    0x08004da8   0x0000000c   Code   RO         3291    i.Buffer_Set        transform.o
    0x08004db4   0x00000002   Code   RO         3191    i.BusFault_Handler  stm32f1xx_it.o
    0x08004db6   0x00000002   PAD
    0x08004db8   0x0000001c   Code   RO          192    i.CPU_Init          cpu_core.o
    0x08004dd4   0x0000004c   Code   RO          193    i.CPU_IntDisMeasInit  cpu_core.o
    0x08004e20   0x00000014   Code   RO          194    i.CPU_IntDisMeasMaxCalc  cpu_core.o
    0x08004e34   0x0000001c   Code   RO          195    i.CPU_IntDisMeasMaxCurGet  cpu_core.o
    0x08004e50   0x00000020   Code   RO          196    i.CPU_IntDisMeasMaxCurReset  cpu_core.o
    0x08004e70   0x0000001c   Code   RO          197    i.CPU_IntDisMeasMaxGet  cpu_core.o
    0x08004e8c   0x00000020   Code   RO          198    i.CPU_IntDisMeasStart  cpu_core.o
    0x08004eac   0x00000030   Code   RO          199    i.CPU_IntDisMeasStop  cpu_core.o
    0x08004edc   0x00000028   Code   RO          200    i.CPU_NameClr       cpu_core.o
    0x08004f04   0x0000000c   Code   RO          206    i.CPU_TS_TmrFreqSet  cpu_core.o
    0x08004f10   0x00000030   Code   RO           15    i.CPU_TS_TmrInit    bsp.o
    0x08004f40   0x0000000c   Code   RO           16    i.CPU_TS_TmrRd      bsp.o
    0x08004f4c   0x00000004   Code   RO         3150    i.CUSTOM_HID_DeInit_FS  usbd_custom_hid_if.o
    0x08004f50   0x00000004   Code   RO         3151    i.CUSTOM_HID_Init_FS  usbd_custom_hid_if.o
    0x08004f54   0x00000020   Code   RO         3152    i.CUSTOM_HID_OutEvent_FS  usbd_custom_hid_if.o
    0x08004f74   0x0000000c   Code   RO         3192    i.DMA1_Channel1_IRQHandler  stm32f1xx_it.o
    0x08004f80   0x0000002a   Code   RO         4246    i.DMA_SetConfig     stm32f1xx_hal_dma.o
    0x08004faa   0x00000002   Code   RO         3193    i.DebugMon_Handler  stm32f1xx_it.o
    0x08004fac   0x00000002   Code   RO         2548    i.Error_Handler     main.o
    0x08004fae   0x00000002   PAD
    0x08004fb0   0x00000024   Code   RO         4686    i.FLASH_MassErase   stm32f1xx_hal_flash_ex.o
    0x08004fd4   0x00000024   Code   RO         4691    i.FLASH_PageErase   stm32f1xx_hal_flash_ex.o
    0x08004ff8   0x0000001c   Code   RO         4583    i.FLASH_Program_HalfWord  stm32f1xx_hal_flash.o
    0x08005014   0x0000005c   Code   RO         4584    i.FLASH_SetErrorCode  stm32f1xx_hal_flash.o
    0x08005070   0x00000054   Code   RO         4585    i.FLASH_WaitForLastOperation  stm32f1xx_hal_flash.o
    0x080050c4   0x000000c0   Code   RO         3330    i.Flash_WriteData   flash.o
    0x08005184   0x00000030   Code   RO         3331    i.Flash_WriteWord   flash.o
    0x080051b4   0x00000028   Code   RO         2206    i.GUI_HLine         oled.o
    0x080051dc   0x00000148   Code   RO         2207    i.GUI_LineWith      oled.o
    0x08005324   0x00000026   Code   RO         2208    i.GUI_RLine         oled.o
    0x0800534a   0x00000002   PAD
    0x0800534c   0x0000009c   Code   RO         2486    i.GetPowerMag       display_fft.o
    0x080053e8   0x000000fc   Code   RO         4849    i.HAL_ADC_ConfigChannel  stm32f1xx_hal_adc.o
    0x080054e4   0x000000cc   Code   RO         2549    i.HAL_ADC_ConvCpltCallback  main.o
    0x080055b0   0x00000002   Code   RO         4851    i.HAL_ADC_ConvHalfCpltCallback  stm32f1xx_hal_adc.o
    0x080055b2   0x00000002   Code   RO         4853    i.HAL_ADC_ErrorCallback  stm32f1xx_hal_adc.o
    0x080055b4   0x0000011c   Code   RO         4858    i.HAL_ADC_Init      stm32f1xx_hal_adc.o
    0x080056d0   0x00000090   Code   RO         2712    i.HAL_ADC_MspInit   adc.o
    0x08005760   0x0000010c   Code   RO         4865    i.HAL_ADC_Start_DMA  stm32f1xx_hal_adc.o
    0x0800586c   0x0000004c   Code   RO         4868    i.HAL_ADC_Stop_DMA  stm32f1xx_hal_adc.o
    0x080058b8   0x00000046   Code   RO         4247    i.HAL_DMA_Abort     stm32f1xx_hal_dma.o
    0x080058fe   0x00000002   PAD
    0x08005900   0x00000154   Code   RO         4252    i.HAL_DMA_IRQHandler  stm32f1xx_hal_dma.o
    0x08005a54   0x0000005c   Code   RO         4253    i.HAL_DMA_Init      stm32f1xx_hal_dma.o
    0x08005ab0   0x00000070   Code   RO         4257    i.HAL_DMA_Start_IT  stm32f1xx_hal_dma.o
    0x08005b20   0x00000024   Code   RO         3875    i.HAL_Delay         stm32f1xx_hal.o
    0x08005b44   0x000000a8   Code   RO         4692    i.HAL_FLASHEx_Erase  stm32f1xx_hal_flash_ex.o
    0x08005bec   0x00000014   Code   RO         4589    i.HAL_FLASH_Lock    stm32f1xx_hal_flash.o
    0x08005c00   0x00000080   Code   RO         4594    i.HAL_FLASH_Program  stm32f1xx_hal_flash.o
    0x08005c80   0x00000028   Code   RO         4596    i.HAL_FLASH_Unlock  stm32f1xx_hal_flash.o
    0x08005ca8   0x000001e0   Code   RO         4183    i.HAL_GPIO_Init     stm32f1xx_hal_gpio.o
    0x08005e88   0x0000000a   Code   RO         4185    i.HAL_GPIO_ReadPin  stm32f1xx_hal_gpio.o
    0x08005e92   0x0000000a   Code   RO         4187    i.HAL_GPIO_WritePin  stm32f1xx_hal_gpio.o
    0x08005e9c   0x0000000c   Code   RO         3879    i.HAL_GetTick       stm32f1xx_hal.o
    0x08005ea8   0x00000024   Code   RO         3886    i.HAL_Init          stm32f1xx_hal.o
    0x08005ecc   0x00000040   Code   RO         3887    i.HAL_InitTick      stm32f1xx_hal.o
    0x08005f0c   0x0000003c   Code   RO         3267    i.HAL_MspInit       stm32f1xx_hal_msp.o
    0x08005f48   0x0000001a   Code   RO         4343    i.HAL_NVIC_EnableIRQ  stm32f1xx_hal_cortex.o
    0x08005f62   0x00000002   PAD
    0x08005f64   0x00000040   Code   RO         4349    i.HAL_NVIC_SetPriority  stm32f1xx_hal_cortex.o
    0x08005fa4   0x00000024   Code   RO         4350    i.HAL_NVIC_SetPriorityGrouping  stm32f1xx_hal_cortex.o
    0x08005fc8   0x00000034   Code   RO         3631    i.HAL_PCDEx_PMAConfig  stm32f1xx_hal_pcd_ex.o
    0x08005ffc   0x00000002   Code   RO         2858    i.HAL_PCDEx_SetConnectionState  usbd_conf.o
    0x08005ffe   0x0000000e   Code   RO         2860    i.HAL_PCD_DataInStageCallback  usbd_conf.o
    0x0800600c   0x00000010   Code   RO         2861    i.HAL_PCD_DataOutStageCallback  usbd_conf.o
    0x0800601c   0x00000048   Code   RO         3423    i.HAL_PCD_EP_Close  stm32f1xx_hal_pcd.o
    0x08006064   0x00000058   Code   RO         3424    i.HAL_PCD_EP_ClrStall  stm32f1xx_hal_pcd.o
    0x080060bc   0x0000005c   Code   RO         3427    i.HAL_PCD_EP_Open   stm32f1xx_hal_pcd.o
    0x08006118   0x0000002e   Code   RO         3428    i.HAL_PCD_EP_Receive  stm32f1xx_hal_pcd.o
    0x08006146   0x0000006a   Code   RO         3429    i.HAL_PCD_EP_SetStall  stm32f1xx_hal_pcd.o
    0x080061b0   0x0000002a   Code   RO         3430    i.HAL_PCD_EP_Transmit  stm32f1xx_hal_pcd.o
    0x080061da   0x00000116   Code   RO         3432    i.HAL_PCD_IRQHandler  stm32f1xx_hal_pcd.o
    0x080062f0   0x000000d2   Code   RO         3435    i.HAL_PCD_Init      stm32f1xx_hal_pcd.o
    0x080063c2   0x00000002   PAD
    0x080063c4   0x0000003c   Code   RO         2866    i.HAL_PCD_MspInit   usbd_conf.o
    0x08006400   0x00000026   Code   RO         2867    i.HAL_PCD_ResetCallback  usbd_conf.o
    0x08006426   0x00000008   Code   RO         2868    i.HAL_PCD_ResumeCallback  usbd_conf.o
    0x0800642e   0x00000008   Code   RO         2869    i.HAL_PCD_SOFCallback  usbd_conf.o
    0x08006436   0x00000028   Code   RO         3441    i.HAL_PCD_SetAddress  stm32f1xx_hal_pcd.o
    0x0800645e   0x0000000e   Code   RO         2870    i.HAL_PCD_SetupStageCallback  usbd_conf.o
    0x0800646c   0x00000032   Code   RO         3443    i.HAL_PCD_Start     stm32f1xx_hal_pcd.o
    0x0800649e   0x00000002   PAD
    0x080064a0   0x00000024   Code   RO         2871    i.HAL_PCD_SuspendCallback  usbd_conf.o
    0x080064c4   0x000000ec   Code   RO         4146    i.HAL_RCCEx_PeriphCLKConfig  stm32f1xx_hal_rcc_ex.o
    0x080065b0   0x0000012c   Code   RO         4043    i.HAL_RCC_ClockConfig  stm32f1xx_hal_rcc.o
    0x080066dc   0x0000000c   Code   RO         4048    i.HAL_RCC_GetHCLKFreq  stm32f1xx_hal_rcc.o
    0x080066e8   0x0000006c   Code   RO         4052    i.HAL_RCC_GetSysClockFreq  stm32f1xx_hal_rcc.o
    0x08006754   0x00000320   Code   RO         4055    i.HAL_RCC_OscConfig  stm32f1xx_hal_rcc.o
    0x08006a74   0x00000028   Code   RO         4354    i.HAL_SYSTICK_Config  stm32f1xx_hal_cortex.o
    0x08006a9c   0x00000042   Code   RO         5814    i.HAL_TIMEx_MasterConfigSynchronization  stm32f1xx_hal_tim_ex.o
    0x08006ade   0x00000036   Code   RO         5121    i.HAL_TIM_Base_Init  stm32f1xx_hal_tim.o
    0x08006b14   0x00000028   Code   RO         2778    i.HAL_TIM_Base_MspInit  tim.o
    0x08006b3c   0x00000024   Code   RO         5124    i.HAL_TIM_Base_Start  stm32f1xx_hal_tim.o
    0x08006b60   0x0000002c   Code   RO         5127    i.HAL_TIM_Base_Stop  stm32f1xx_hal_tim.o
    0x08006b8c   0x000000d6   Code   RO         5130    i.HAL_TIM_ConfigClockSource  stm32f1xx_hal_tim.o
    0x08006c62   0x00000002   Code   RO         3194    i.HardFault_Handler  stm32f1xx_it.o
    0x08006c64   0x0000008c   Code   RO         2408    i.Init_PC_Data      display_menu.o
    0x08006cf0   0x00000038   Code   RO         3070    i.IntToUnicode      usbd_desc.o
    0x08006d28   0x0000004c   Code   RO         2713    i.MX_ADC1_Init      adc.o
    0x08006d74   0x0000002c   Code   RO         2753    i.MX_DMA_Init       dma.o
    0x08006da0   0x00000084   Code   RO         2687    i.MX_GPIO_Init      gpio.o
    0x08006e24   0x00000068   Code   RO         2779    i.MX_TIM3_Init      tim.o
    0x08006e8c   0x00000054   Code   RO         2819    i.MX_USB_DEVICE_Init  usb_device.o
    0x08006ee0   0x00000002   Code   RO         3195    i.MemManage_Handler  stm32f1xx_it.o
    0x08006ee2   0x00000008   Code   RO          535    i.Mem_Clr           lib_mem.o
    0x08006eea   0x00000002   PAD
    0x08006eec   0x0000004c   Code   RO          552    i.Mem_Set           lib_mem.o
    0x08006f38   0x00000002   Code   RO         3196    i.NMI_Handler       stm32f1xx_it.o
    0x08006f3a   0x00000002   PAD
    0x08006f3c   0x0000002c   Code   RO         2209    i.OLED_Clear        oled.o
    0x08006f68   0x00000020   Code   RO         2210    i.OLED_ClearPoint   oled.o
    0x08006f88   0x00000018   Code   RO         2211    i.OLED_ColorTurn    oled.o
    0x08006fa0   0x0000002c   Code   RO         2214    i.OLED_DisplayTurn  oled.o
    0x08006fcc   0x00000030   Code   RO         2217    i.OLED_DrawPoint    oled.o
    0x08006ffc   0x00000164   Code   RO         2219    i.OLED_Init         oled.o
    0x08007160   0x00000028   Code   RO         2220    i.OLED_Only_Clear   oled.o
    0x08007188   0x00000010   Code   RO         2221    i.OLED_Pow          oled.o
    0x08007198   0x00000064   Code   RO         2222    i.OLED_Refresh      oled.o
    0x080071fc   0x000000c8   Code   RO         2224    i.OLED_ShowChar     oled.o
    0x080072c4   0x000000cc   Code   RO         2225    i.OLED_ShowChinese  oled.o
    0x08007390   0x00000050   Code   RO         2226    i.OLED_ShowNum      oled.o
    0x080073e0   0x00000072   Code   RO         2227    i.OLED_ShowNum_Nozero  oled.o
    0x08007452   0x00000052   Code   RO         2228    i.OLED_ShowNum_Space  oled.o
    0x080074a4   0x00000040   Code   RO         2230    i.OLED_ShowString   oled.o
    0x080074e4   0x00000048   Code   RO         2231    i.OLED_ShowString_Space  oled.o
    0x0800752c   0x00000068   Code   RO         2233    i.OLED_WR_Byte      oled.o
    0x08007594   0x00000002   Code   RO          809    i.OSCfg_Init        os_cfg_app.o
    0x08007596   0x00000002   PAD
    0x08007598   0x00000010   Code   RO         2028    i.OSIdleTaskHook    os_cpu_c.o
    0x080075a8   0x00000178   Code   RO          889    i.OSInit            os_core.o
    0x08007720   0x00000034   Code   RO         2029    i.OSInitHook        os_cpu_c.o
    0x08007754   0x00000090   Code   RO          891    i.OSIntExit         os_core.o
    0x080077e4   0x0000007c   Code   RO          892    i.OSSched           os_core.o
    0x08007860   0x0000005c   Code   RO          893    i.OSSchedLock       os_core.o
    0x080078bc   0x00000058   Code   RO          894    i.OSSchedRoundRobinCfg  os_core.o
    0x08007914   0x00000074   Code   RO          896    i.OSSchedUnlock     os_core.o
    0x08007988   0x00000058   Code   RO          897    i.OSStart           os_core.o
    0x080079e0   0x000000e8   Code   RO         1574    i.OSStatReset       os_stat.o
    0x08007ac8   0x000000b4   Code   RO         1575    i.OSStatTaskCPUUsageInit  os_stat.o
    0x08007b7c   0x00000010   Code   RO         2030    i.OSStatTaskHook    os_cpu_c.o
    0x08007b8c   0x00000174   Code   RO         1605    i.OSTaskCreate      os_task.o
    0x08007d00   0x00000010   Code   RO         2031    i.OSTaskCreateHook  os_cpu_c.o
    0x08007d10   0x000000e8   Code   RO         1606    i.OSTaskDel         os_task.o
    0x08007df8   0x00000010   Code   RO         2032    i.OSTaskDelHook     os_cpu_c.o
    0x08007e08   0x00000058   Code   RO         1614    i.OSTaskResume      os_task.o
    0x08007e60   0x00000010   Code   RO         2033    i.OSTaskReturnHook  os_cpu_c.o
    0x08007e70   0x0000013c   Code   RO         1615    i.OSTaskSemPend     os_task.o
    0x08007fac   0x0000002e   Code   RO         1617    i.OSTaskSemPost     os_task.o
    0x08007fda   0x00000002   PAD
    0x08007fdc   0x000000ac   Code   RO         1619    i.OSTaskStkChk      os_task.o
    0x08008088   0x00000070   Code   RO         2034    i.OSTaskStkInit     os_cpu_c.o
    0x080080f8   0x00000028   Code   RO         1620    i.OSTaskSuspend     os_task.o
    0x08008120   0x00000068   Code   RO         2035    i.OSTaskSwHook      os_cpu_c.o
    0x08008188   0x00000098   Code   RO         1820    i.OSTimeDly         os_time.o
    0x08008220   0x00000124   Code   RO         1821    i.OSTimeDlyHMSM     os_time.o
    0x08008344   0x00000058   Code   RO         1825    i.OSTimeTick        os_time.o
    0x0800839c   0x00000010   Code   RO         2036    i.OSTimeTickHook    os_cpu_c.o
    0x080083ac   0x00000002   Code   RO         1125    i.OS_Dbg_Init       os_dbg.o
    0x080083ae   0x00000002   PAD
    0x080083b0   0x00000018   Code   RO         1152    i.OS_FlagInit       os_flag.o
    0x080083c8   0x00000034   Code   RO          899    i.OS_IdleTask       os_core.o
    0x080083fc   0x00000068   Code   RO          900    i.OS_IdleTaskInit   os_core.o
    0x08008464   0x00000018   Code   RO         1235    i.OS_MemInit        os_mem.o
    0x0800847c   0x00000068   Code   RO         1267    i.OS_MsgPoolInit    os_msg.o
    0x080084e4   0x00000034   Code   RO         1268    i.OS_MsgQFreeAll    os_msg.o
    0x08008518   0x0000000e   Code   RO         1270    i.OS_MsgQInit       os_msg.o
    0x08008526   0x00000002   PAD
    0x08008528   0x00000018   Code   RO         1311    i.OS_MutexInit      os_mutex.o
    0x08008540   0x00000050   Code   RO          901    i.OS_Pend           os_core.o
    0x08008590   0x00000030   Code   RO          904    i.OS_PendDataInit   os_core.o
    0x080085c0   0x00000048   Code   RO          905    i.OS_PendDbgNameAdd  os_core.o
    0x08008608   0x0000001c   Code   RO          906    i.OS_PendDbgNameRemove  os_core.o
    0x08008624   0x0000005a   Code   RO          910    i.OS_PendListInsertPrio  os_core.o
    0x0800867e   0x00000026   Code   RO          911    i.OS_PendListRemove  os_core.o
    0x080086a4   0x00000036   Code   RO          912    i.OS_PendListRemove1  os_core.o
    0x080086da   0x00000098   Code   RO          915    i.OS_Post           os_core.o
    0x08008772   0x00000026   Code   RO          916    i.OS_Post1          os_core.o
    0x08008798   0x00000024   Code   RO         1393    i.OS_PrioGetHighest  os_prio.o
    0x080087bc   0x0000000c   Code   RO         1394    i.OS_PrioInit       os_prio.o
    0x080087c8   0x00000020   Code   RO         1395    i.OS_PrioInsert     os_prio.o
    0x080087e8   0x00000020   Code   RO         1396    i.OS_PrioRemove     os_prio.o
    0x08008808   0x00000018   Code   RO         1439    i.OS_QInit          os_q.o
    0x08008820   0x00000024   Code   RO          917    i.OS_RdyListInit    os_core.o
    0x08008844   0x00000030   Code   RO          918    i.OS_RdyListInsert  os_core.o
    0x08008874   0x00000038   Code   RO          919    i.OS_RdyListInsertHead  os_core.o
    0x080088ac   0x00000034   Code   RO          920    i.OS_RdyListInsertTail  os_core.o
    0x080088e0   0x00000034   Code   RO          921    i.OS_RdyListMoveHeadToTail  os_core.o
    0x08008914   0x00000054   Code   RO          922    i.OS_RdyListRemove  os_core.o
    0x08008968   0x0000001c   Code   RO          923    i.OS_SchedLockTimeMeasStart  os_core.o
    0x08008984   0x0000003c   Code   RO          924    i.OS_SchedLockTimeMeasStop  os_core.o
    0x080089c0   0x00000068   Code   RO          925    i.OS_SchedRoundRobin  os_core.o
    0x08008a28   0x00000018   Code   RO         1511    i.OS_SemInit        os_sem.o
    0x08008a40   0x00000244   Code   RO         1576    i.OS_StatTask       os_stat.o
    0x08008c84   0x000000bc   Code   RO         1577    i.OS_StatTaskInit   os_stat.o
    0x08008d40   0x0000002a   Code   RO          926    i.OS_TaskBlock      os_core.o
    0x08008d6a   0x00000002   PAD
    0x08008d6c   0x00000024   Code   RO         1622    i.OS_TaskDbgListAdd  os_task.o
    0x08008d90   0x00000038   Code   RO         1623    i.OS_TaskDbgListRemove  os_task.o
    0x08008dc8   0x00000020   Code   RO         1624    i.OS_TaskInit       os_task.o
    0x08008de8   0x000000c8   Code   RO         1625    i.OS_TaskInitTCB    os_task.o
    0x08008eb0   0x0000001c   Code   RO          927    i.OS_TaskRdy        os_core.o
    0x08008ecc   0x000000b8   Code   RO         1627    i.OS_TaskResume     os_task.o
    0x08008f84   0x00000018   Code   RO         1628    i.OS_TaskReturn     os_task.o
    0x08008f9c   0x000000ac   Code   RO         1629    i.OS_TaskSemPost    os_task.o
    0x08009048   0x000000a8   Code   RO         1630    i.OS_TaskSuspend    os_task.o
    0x080090f0   0x0000002c   Code   RO         1772    i.OS_TickListInit   os_tick.o
    0x0800911c   0x000000d8   Code   RO         1773    i.OS_TickListInsert  os_tick.o
    0x080091f4   0x00000036   Code   RO         1774    i.OS_TickListRemove  os_tick.o
    0x0800922a   0x00000002   PAD
    0x0800922c   0x00000028   Code   RO         1775    i.OS_TickListResetPeak  os_tick.o
    0x08009254   0x00000118   Code   RO         1776    i.OS_TickListUpdate  os_tick.o
    0x0800936c   0x00000028   Code   RO         1777    i.OS_TickTask       os_tick.o
    0x08009394   0x000000a8   Code   RO         1778    i.OS_TickTaskInit   os_tick.o
    0x0800943c   0x00000104   Code   RO         1871    i.OS_TmrInit        os_tmr.o
    0x08009540   0x00000098   Code   RO         1872    i.OS_TmrLink        os_tmr.o
    0x080095d8   0x00000028   Code   RO         1873    i.OS_TmrResetPeak   os_tmr.o
    0x08009600   0x000000a4   Code   RO         1874    i.OS_TmrTask        os_tmr.o
    0x080096a4   0x0000004c   Code   RO         1875    i.OS_TmrUnlink      os_tmr.o
    0x080096f0   0x000002c2   Code   RO         3446    i.PCD_EP_ISR_Handler  stm32f1xx_hal_pcd.o
    0x080099b2   0x00000002   Code   RO         3197    i.SVC_Handler       stm32f1xx_it.o
    0x080099b4   0x00000030   Code   RO         2038    i.SysTick_Handler   os_cpu_c.o
    0x080099e4   0x00000064   Code   RO         2550    i.SystemClock_Config  main.o
    0x08009a48   0x0000004c   Code   RO         6048    i.SystemInit        system_stm32f1xx.o
    0x08009a94   0x0000006c   Code   RO         5209    i.TIM_Base_SetConfig  stm32f1xx_hal_tim.o
    0x08009b00   0x00000014   Code   RO         5220    i.TIM_ETR_SetConfig  stm32f1xx_hal_tim.o
    0x08009b14   0x00000010   Code   RO         5221    i.TIM_ITRx_SetConfig  stm32f1xx_hal_tim.o
    0x08009b24   0x00000022   Code   RO         5227    i.TIM_TI1_ConfigInputStage  stm32f1xx_hal_tim.o
    0x08009b46   0x00000024   Code   RO         5229    i.TIM_TI2_ConfigInputStage  stm32f1xx_hal_tim.o
    0x08009b6a   0x0000000e   Code   RO         6348    i.USBD_CUSTOM_HID_DataIn  usbd_customhid.o
    0x08009b78   0x00000024   Code   RO         6349    i.USBD_CUSTOM_HID_DataOut  usbd_customhid.o
    0x08009b9c   0x00000038   Code   RO         6350    i.USBD_CUSTOM_HID_DeInit  usbd_customhid.o
    0x08009bd4   0x00000022   Code   RO         6351    i.USBD_CUSTOM_HID_EP0_RxReady  usbd_customhid.o
    0x08009bf6   0x00000002   PAD
    0x08009bf8   0x0000000c   Code   RO         6352    i.USBD_CUSTOM_HID_GetDeviceQualifierDesc  usbd_customhid.o
    0x08009c04   0x0000000c   Code   RO         6353    i.USBD_CUSTOM_HID_GetFSCfgDesc  usbd_customhid.o
    0x08009c10   0x0000000c   Code   RO         6354    i.USBD_CUSTOM_HID_GetHSCfgDesc  usbd_customhid.o
    0x08009c1c   0x0000000c   Code   RO         6355    i.USBD_CUSTOM_HID_GetOtherSpeedCfgDesc  usbd_customhid.o
    0x08009c28   0x00000060   Code   RO         6356    i.USBD_CUSTOM_HID_Init  usbd_customhid.o
    0x08009c88   0x00000010   Code   RO         6357    i.USBD_CUSTOM_HID_RegisterInterface  usbd_customhid.o
    0x08009c98   0x0000002c   Code   RO         6358    i.USBD_CUSTOM_HID_SendReport  usbd_customhid.o
    0x08009cc4   0x000000f8   Code   RO         6359    i.USBD_CUSTOM_HID_Setup  usbd_customhid.o
    0x08009dbc   0x0000000e   Code   RO         6085    i.USBD_ClrClassConfig  usbd_core.o
    0x08009dca   0x00000010   Code   RO         6288    i.USBD_CtlContinueRx  usbd_ioreq.o
    0x08009dda   0x00000010   Code   RO         6289    i.USBD_CtlContinueSendData  usbd_ioreq.o
    0x08009dea   0x00000016   Code   RO         6223    i.USBD_CtlError     usbd_ctlreq.o
    0x08009e00   0x0000001e   Code   RO         6290    i.USBD_CtlPrepareRx  usbd_ioreq.o
    0x08009e1e   0x00000016   Code   RO         6291    i.USBD_CtlReceiveStatus  usbd_ioreq.o
    0x08009e34   0x0000001a   Code   RO         6292    i.USBD_CtlSendData  usbd_ioreq.o
    0x08009e4e   0x00000016   Code   RO         6293    i.USBD_CtlSendStatus  usbd_ioreq.o
    0x08009e64   0x00000028   Code   RO         3071    i.USBD_FS_ConfigStrDescriptor  usbd_desc.o
    0x08009e8c   0x0000000c   Code   RO         3072    i.USBD_FS_DeviceDescriptor  usbd_desc.o
    0x08009e98   0x0000002c   Code   RO         3073    i.USBD_FS_InterfaceStrDescriptor  usbd_desc.o
    0x08009ec4   0x0000000c   Code   RO         3074    i.USBD_FS_LangIDStrDescriptor  usbd_desc.o
    0x08009ed0   0x00000028   Code   RO         3075    i.USBD_FS_ManufacturerStrDescriptor  usbd_desc.o
    0x08009ef8   0x00000034   Code   RO         3076    i.USBD_FS_ProductStrDescriptor  usbd_desc.o
    0x08009f2c   0x00000038   Code   RO         3077    i.USBD_FS_SerialStrDescriptor  usbd_desc.o
    0x08009f64   0x000000e8   Code   RO         6224    i.USBD_GetDescriptor  usbd_ctlreq.o
    0x0800a04c   0x00000048   Code   RO         6225    i.USBD_GetString    usbd_ctlreq.o
    0x0800a094   0x00000018   Code   RO         2872    i.USBD_Get_USB_Status  usbd_conf.o
    0x0800a0ac   0x0000002a   Code   RO         6087    i.USBD_Init         usbd_core.o
    0x0800a0d6   0x0000002c   Code   RO         6360    i.USBD_KEYBOADR_HID_SendReport  usbd_customhid.o
    0x0800a102   0x00000012   Code   RO         2873    i.USBD_LL_ClearStallEP  usbd_conf.o
    0x0800a114   0x00000012   Code   RO         2874    i.USBD_LL_CloseEP   usbd_conf.o
    0x0800a126   0x000000c6   Code   RO         6088    i.USBD_LL_DataInStage  usbd_core.o
    0x0800a1ec   0x00000082   Code   RO         6089    i.USBD_LL_DataOutStage  usbd_core.o
    0x0800a26e   0x00000002   PAD
    0x0800a270   0x00000070   Code   RO         2879    i.USBD_LL_Init      usbd_conf.o
    0x0800a2e0   0x0000001c   Code   RO         2880    i.USBD_LL_IsStallEP  usbd_conf.o
    0x0800a2fc   0x00000018   Code   RO         2881    i.USBD_LL_OpenEP    usbd_conf.o
    0x0800a314   0x00000012   Code   RO         2882    i.USBD_LL_PrepareReceive  usbd_conf.o
    0x0800a326   0x00000050   Code   RO         6094    i.USBD_LL_Reset     usbd_core.o
    0x0800a376   0x00000014   Code   RO         6095    i.USBD_LL_Resume    usbd_core.o
    0x0800a38a   0x00000018   Code   RO         6096    i.USBD_LL_SOF       usbd_core.o
    0x0800a3a2   0x00000006   Code   RO         6097    i.USBD_LL_SetSpeed  usbd_core.o
    0x0800a3a8   0x00000012   Code   RO         2883    i.USBD_LL_SetUSBAddress  usbd_conf.o
    0x0800a3ba   0x0000005a   Code   RO         6098    i.USBD_LL_SetupStage  usbd_core.o
    0x0800a414   0x00000012   Code   RO         2884    i.USBD_LL_StallEP   usbd_conf.o
    0x0800a426   0x00000012   Code   RO         2885    i.USBD_LL_Start     usbd_conf.o
    0x0800a438   0x00000012   Code   RO         6099    i.USBD_LL_Suspend   usbd_core.o
    0x0800a44a   0x00000012   Code   RO         2887    i.USBD_LL_Transmit  usbd_conf.o
    0x0800a45c   0x00000028   Code   RO         6226    i.USBD_ParseSetupRequest  usbd_ctlreq.o
    0x0800a484   0x00000010   Code   RO         6100    i.USBD_RegisterClass  usbd_core.o
    0x0800a494   0x00000016   Code   RO         6102    i.USBD_SetClassConfig  usbd_core.o
    0x0800a4aa   0x00000002   PAD
    0x0800a4ac   0x00000084   Code   RO         6227    i.USBD_SetConfig    usbd_ctlreq.o
    0x0800a530   0x0000000a   Code   RO         6103    i.USBD_Start        usbd_core.o
    0x0800a53a   0x00000112   Code   RO         6228    i.USBD_StdDevReq    usbd_ctlreq.o
    0x0800a64c   0x00000150   Code   RO         6229    i.USBD_StdEPReq     usbd_ctlreq.o
    0x0800a79c   0x0000004e   Code   RO         6230    i.USBD_StdItfReq    usbd_ctlreq.o
    0x0800a7ea   0x00000002   Code   RO         2888    i.USBD_static_free  usbd_conf.o
    0x0800a7ec   0x00000008   Code   RO         2889    i.USBD_static_malloc  usbd_conf.o
    0x0800a7f4   0x00000266   Code   RO         3671    i.USB_ActivateEndpoint  stm32f1xx_ll_usb.o
    0x0800aa5a   0x00000004   Code   RO         3674    i.USB_CoreInit      stm32f1xx_ll_usb.o
    0x0800aa5e   0x0000010e   Code   RO         3676    i.USB_DeactivateEndpoint  stm32f1xx_ll_usb.o
    0x0800ab6c   0x00000004   Code   RO         3677    i.USB_DevConnect    stm32f1xx_ll_usb.o
    0x0800ab70   0x00000004   Code   RO         3678    i.USB_DevDisconnect  stm32f1xx_ll_usb.o
    0x0800ab74   0x0000001e   Code   RO         3679    i.USB_DevInit       stm32f1xx_ll_usb.o
    0x0800ab92   0x0000000e   Code   RO         3680    i.USB_DisableGlobalInt  stm32f1xx_ll_usb.o
    0x0800aba0   0x00000004   Code   RO         3681    i.USB_EP0_OutStart  stm32f1xx_ll_usb.o
    0x0800aba4   0x00000078   Code   RO         3682    i.USB_EPClearStall  stm32f1xx_ll_usb.o
    0x0800ac1c   0x00000032   Code   RO         3683    i.USB_EPSetStall    stm32f1xx_ll_usb.o
    0x0800ac4e   0x0000019c   Code   RO         3684    i.USB_EPStartXfer   stm32f1xx_ll_usb.o
    0x0800adea   0x0000000e   Code   RO         3685    i.USB_EnableGlobalInt  stm32f1xx_ll_usb.o
    0x0800adf8   0x0000000c   Code   RO         3198    i.USB_LP_CAN1_RX0_IRQHandler  stm32f1xx_it.o
    0x0800ae04   0x00000006   Code   RO         3692    i.USB_ReadInterrupts  stm32f1xx_ll_usb.o
    0x0800ae0a   0x00000002   PAD
    0x0800ae0c   0x0000002c   Code   RO         3693    i.USB_ReadPMA       stm32f1xx_ll_usb.o
    0x0800ae38   0x00000004   Code   RO         3695    i.USB_SetCurrentMode  stm32f1xx_ll_usb.o
    0x0800ae3c   0x0000000c   Code   RO         3696    i.USB_SetDevAddress  stm32f1xx_ll_usb.o
    0x0800ae48   0x00000026   Code   RO         3699    i.USB_WritePMA      stm32f1xx_ll_usb.o
    0x0800ae6e   0x00000002   Code   RO         3199    i.UsageFault_Handler  stm32f1xx_it.o
    0x0800ae70   0x00000020   Code   RO         4356    i.__NVIC_SetPriority  stm32f1xx_hal_cortex.o
    0x0800ae90   0x0000000e   Code   RO         6511    i.__scatterload_copy  mc_w.l(handlers.o)
    0x0800ae9e   0x00000002   Code   RO         6512    i.__scatterload_null  mc_w.l(handlers.o)
    0x0800aea0   0x0000000e   Code   RO         6513    i.__scatterload_zeroinit  mc_w.l(handlers.o)
    0x0800aeae   0x00000002   PAD
    0x0800aeb0   0x0000000c   Code   RO         6493    i.__set_errno       mc_w.l(errno.o)
    0x0800aebc   0x00000094   Code   RO         2487    i.display_fft_1     display_fft.o
    0x0800af50   0x00000078   Code   RO         2488    i.display_fft_2     display_fft.o
    0x0800afc8   0x000000a0   Code   RO         2489    i.display_fft_3     display_fft.o
    0x0800b068   0x000000bc   Code   RO         2490    i.display_fft_4     display_fft.o
    0x0800b124   0x000001ec   Code   RO         2409    i.display_menu1     display_menu.o
    0x0800b310   0x000001ec   Code   RO         2410    i.display_menu2     display_menu.o
    0x0800b4fc   0x000000b0   Code   RO         2411    i.display_menu3     display_menu.o
    0x0800b5ac   0x0000006e   Code   RO         2412    i.display_menu4_1   display_menu.o
    0x0800b61a   0x00000062   Code   RO         2413    i.display_menu4_2   display_menu.o
    0x0800b67c   0x000000da   Code   RO         2414    i.display_menu5     display_menu.o
    0x0800b756   0x00000002   PAD
    0x0800b758   0x00000064   Code   RO         2551    i.display_task      main.o
    0x0800b7bc   0x00000228   Code   RO         2552    i.key_task          main.o
    0x0800b9e4   0x00000098   Code   RO         2553    i.keyboard_task     main.o
    0x0800ba7c   0x000000a8   Code   RO         2554    i.main              main.o
    0x0800bb24   0x0000004c   Code   RO         6439    i.sqrt              m_ws.l(sqrt.o)
    0x0800bb70   0x00000150   Code   RO         2555    i.start_task        main.o
    0x0800bcc0   0x00000098   Code   RO         3292    i.transform_CPUGPU  transform.o
    0x0800bd58   0x0000015c   Code   RO         3293    i.transform_DATA    transform.o
    0x0800beb4   0x0000011c   Code   RO         2556    i.usb_task          main.o
    0x0800bfd0   0x00000004   Data   RO          818    .constdata          os_cfg_app.o
    0x0800bfd4   0x00000004   Data   RO          819    .constdata          os_cfg_app.o
    0x0800bfd8   0x00000004   Data   RO          820    .constdata          os_cfg_app.o
    0x0800bfdc   0x00000004   Data   RO          829    .constdata          os_cfg_app.o
    0x0800bfe0   0x00000004   Data   RO          830    .constdata          os_cfg_app.o
    0x0800bfe4   0x00000002   Data   RO          832    .constdata          os_cfg_app.o
    0x0800bfe6   0x00000002   PAD
    0x0800bfe8   0x00000004   Data   RO          834    .constdata          os_cfg_app.o
    0x0800bfec   0x00000001   Data   RO          835    .constdata          os_cfg_app.o
    0x0800bfed   0x00000003   PAD
    0x0800bff0   0x00000004   Data   RO          836    .constdata          os_cfg_app.o
    0x0800bff4   0x00000004   Data   RO          837    .constdata          os_cfg_app.o
    0x0800bff8   0x00000004   Data   RO          838    .constdata          os_cfg_app.o
    0x0800bffc   0x00000004   Data   RO          839    .constdata          os_cfg_app.o
    0x0800c000   0x00000004   Data   RO          841    .constdata          os_cfg_app.o
    0x0800c004   0x00000004   Data   RO          842    .constdata          os_cfg_app.o
    0x0800c008   0x00000001   Data   RO          843    .constdata          os_cfg_app.o
    0x0800c009   0x00000003   PAD
    0x0800c00c   0x00000004   Data   RO          844    .constdata          os_cfg_app.o
    0x0800c010   0x00000004   Data   RO          845    .constdata          os_cfg_app.o
    0x0800c014   0x00000004   Data   RO          846    .constdata          os_cfg_app.o
    0x0800c018   0x00000002   Data   RO          848    .constdata          os_cfg_app.o
    0x0800c01a   0x00000001   Data   RO          850    .constdata          os_cfg_app.o
    0x0800c01b   0x00000001   PAD
    0x0800c01c   0x00000004   Data   RO          851    .constdata          os_cfg_app.o
    0x0800c020   0x00000004   Data   RO          852    .constdata          os_cfg_app.o
    0x0800c024   0x00000004   Data   RO          853    .constdata          os_cfg_app.o
    0x0800c028   0x00000004   Data   RO          854    .constdata          os_cfg_app.o
    0x0800c02c   0x00000002   Data   RO          856    .constdata          os_cfg_app.o
    0x0800c02e   0x00002688   Data   RO         2235    .constdata          oled.o
    0x0800e6b6   0x00000010   Data   RO         6049    .constdata          system_stm32f1xx.o
    0x0800e6c6   0x00000002   PAD
    0x0800e6c8   0x00000088   Data   RO         2416    .conststring        display_menu.o
    0x0800e750   0x00000020   Data   RO         6509    Region$$Table       anon$$obj.o


    Execution Region RW_IRAM1 (Base: 0x20000000, Size: 0x000044e0, Max: 0x00005000, ABSOLUTE, COMPRESSED[0x0000015c])

    Base Addr    Size         Type   Attr      Idx    E Section Name        Object

    0x20000000   0x0000001c   Data   RW          210    .data               cpu_core.o
    0x2000001c   0x00000004   Data   RW         1397    .data               os_prio.o
    0x20000020   0x00000004   Data   RW         1958    .data               os_var.o
    0x20000024   0x00000004   Data   RW         1959    .data               os_var.o
    0x20000028   0x00000004   Data   RW         1960    .data               os_var.o
    0x2000002c   0x00000004   Data   RW         1961    .data               os_var.o
    0x20000030   0x00000004   Data   RW         1962    .data               os_var.o
    0x20000034   0x00000004   Data   RW         1963    .data               os_var.o
    0x20000038   0x00000004   Data   RW         1964    .data               os_var.o
    0x2000003c   0x00000004   Data   RW         1965    .data               os_var.o
    0x20000040   0x00000001   Data   RW         1966    .data               os_var.o
    0x20000041   0x00000003   PAD
    0x20000044   0x00000004   Data   RW         1967    .data               os_var.o
    0x20000048   0x00000001   Data   RW         1968    .data               os_var.o
    0x20000049   0x00000003   PAD
    0x2000004c   0x00000004   Data   RW         1969    .data               os_var.o
    0x20000050   0x00000002   Data   RW         1970    .data               os_var.o
    0x20000052   0x00000002   PAD
    0x20000054   0x00000004   Data   RW         1971    .data               os_var.o
    0x20000058   0x00000002   Data   RW         1972    .data               os_var.o
    0x2000005a   0x00000002   PAD
    0x2000005c   0x00000004   Data   RW         1973    .data               os_var.o
    0x20000060   0x00000002   Data   RW         1974    .data               os_var.o
    0x20000062   0x00000001   Data   RW         1975    .data               os_var.o
    0x20000063   0x00000001   Data   RW         1976    .data               os_var.o
    0x20000064   0x00000001   Data   RW         1977    .data               os_var.o
    0x20000065   0x00000003   PAD
    0x20000068   0x00000004   Data   RW         1978    .data               os_var.o
    0x2000006c   0x00000002   Data   RW         1979    .data               os_var.o
    0x2000006e   0x00000002   PAD
    0x20000070   0x00000004   Data   RW         1980    .data               os_var.o
    0x20000074   0x00000004   Data   RW         1981    .data               os_var.o
    0x20000078   0x00000004   Data   RW         1982    .data               os_var.o
    0x2000007c   0x00000001   Data   RW         1983    .data               os_var.o
    0x2000007d   0x00000003   PAD
    0x20000080   0x00000004   Data   RW         1984    .data               os_var.o
    0x20000084   0x00000001   Data   RW         1985    .data               os_var.o
    0x20000085   0x00000003   PAD
    0x20000088   0x00000004   Data   RW         1986    .data               os_var.o
    0x2000008c   0x00000002   Data   RW         1987    .data               os_var.o
    0x2000008e   0x00000001   Data   RW         1988    .data               os_var.o
    0x2000008f   0x00000001   PAD
    0x20000090   0x00000002   Data   RW         1989    .data               os_var.o
    0x20000092   0x00000002   Data   RW         1990    .data               os_var.o
    0x20000094   0x00000004   Data   RW         1991    .data               os_var.o
    0x20000098   0x00000004   Data   RW         1992    .data               os_var.o
    0x2000009c   0x00000004   Data   RW         1993    .data               os_var.o
    0x200000a0   0x00000001   Data   RW         1994    .data               os_var.o
    0x200000a1   0x00000003   PAD
    0x200000a4   0x00000004   Data   RW         1995    .data               os_var.o
    0x200000a8   0x00000004   Data   RW         1996    .data               os_var.o
    0x200000ac   0x00000004   Data   RW         1997    .data               os_var.o
    0x200000b0   0x00000002   Data   RW         1998    .data               os_var.o
    0x200000b2   0x00000001   Data   RW         1999    .data               os_var.o
    0x200000b3   0x00000001   PAD
    0x200000b4   0x00000004   Data   RW         2000    .data               os_var.o
    0x200000b8   0x00000004   Data   RW         2001    .data               os_var.o
    0x200000bc   0x00000004   Data   RW         2002    .data               os_var.o
    0x200000c0   0x00000004   Data   RW         2004    .data               os_var.o
    0x200000c4   0x00000004   Data   RW         2005    .data               os_var.o
    0x200000c8   0x00000004   Data   RW         2006    .data               os_var.o
    0x200000cc   0x00000004   Data   RW         2007    .data               os_var.o
    0x200000d0   0x00000004   Data   RW         2008    .data               os_var.o
    0x200000d4   0x00000004   Data   RW         2009    .data               os_var.o
    0x200000d8   0x00000004   Data   RW         2039    .data               os_cpu_c.o
    0x200000dc   0x00000058   Data   RW         2417    .data               display_menu.o
    0x20000134   0x00000001   Data   RW         2494    .data               display_fft.o
    0x20000135   0x00000001   Data   RW         2495    .data               display_fft.o
    0x20000136   0x00000001   Data   RW         2496    .data               display_fft.o
    0x20000137   0x00000001   PAD
    0x20000138   0x00000014   Data   RW         2559    .data               main.o
    0x2000014c   0x0000001c   Data   RW         3079    .data               usbd_desc.o
    0x20000168   0x00000032   Data   RW         3080    .data               usbd_desc.o
    0x2000019a   0x00000002   PAD
    0x2000019c   0x00000022   Data   RW         3153    .data               usbd_custom_hid_if.o
    0x200001be   0x00000002   PAD
    0x200001c0   0x00000010   Data   RW         3154    .data               usbd_custom_hid_if.o
    0x200001d0   0x00000008   Data   RW         3333    .data               flash.o
    0x200001d8   0x0000000c   Data   RW         3893    .data               stm32f1xx_hal.o
    0x200001e4   0x00000004   Data   RW         6051    .data               system_stm32f1xx.o
    0x200001e8   0x00000001   Data   RW         6231    .data               usbd_ctlreq.o
    0x200001e9   0x00000003   PAD
    0x200001ec   0x00000038   Data   RW         6361    .data               usbd_customhid.o
    0x20000224   0x00000123   Data   RW         6362    .data               usbd_customhid.o
    0x20000347   0x00000001   PAD
    0x20000348   0x00000004   Data   RW         6494    .data               mc_w.l(errno.o)
    0x2000034c   0x00000010   Zero   RW          208    .bss                cpu_core.o
    0x2000035c   0x00000200   Zero   RW          810    .bss                os_cfg_app.o
    0x2000055c   0x00000200   Zero   RW          811    .bss                os_cfg_app.o
    0x2000075c   0x00000640   Zero   RW          812    .bss                os_cfg_app.o
    0x20000d9c   0x00000200   Zero   RW          813    .bss                os_cfg_app.o
    0x20000f9c   0x00000200   Zero   RW          814    .bss                os_cfg_app.o
    0x2000119c   0x00000088   Zero   RW          815    .bss                os_cfg_app.o
    0x20001224   0x00000200   Zero   RW          816    .bss                os_cfg_app.o
    0x20001424   0x00000088   Zero   RW          817    .bss                os_cfg_app.o
    0x200014ac   0x000000c8   Zero   RW         1952    .bss                os_var.o
    0x20001574   0x0000000c   Zero   RW         1953    .bss                os_var.o
    0x20001580   0x00000180   Zero   RW         1954    .bss                os_var.o
    0x20001700   0x000000c8   Zero   RW         1955    .bss                os_var.o
    0x200017c8   0x000000c8   Zero   RW         1956    .bss                os_var.o
    0x20001890   0x000000c8   Zero   RW         1957    .bss                os_var.o
    0x20001958   0x00000400   Zero   RW         2234    .bss                oled.o
    0x20001d58   0x00000074   Zero   RW         2415    .bss                display_menu.o
    0x20001dcc   0x00000400   Zero   RW         2491    .bss                display_fft.o
    0x200021cc   0x00000400   Zero   RW         2492    .bss                display_fft.o
    0x200025cc   0x00000480   Zero   RW         2493    .bss                display_fft.o
    0x20002a4c   0x00000e28   Zero   RW         2557    .bss                main.o
    0x20003874   0x00000074   Zero   RW         2714    .bss                adc.o
    0x200038e8   0x00000040   Zero   RW         2780    .bss                tim.o
    0x20003928   0x000002c4   Zero   RW         2820    .bss                usb_device.o
    0x20003bec   0x000002c4   Zero   RW         2890    .bss                usbd_conf.o
    0x20003eb0   0x00000200   Zero   RW         3078    .bss                usbd_desc.o
    0x200040b0   0x00000010   Zero   RW         3332    .bss                flash.o
    0x200040c0   0x00000020   Zero   RW         4597    .bss                stm32f1xx_hal_flash.o
    0x200040e0   0x00000400   Zero   RW            1    STACK               startup_stm32f103xb.o


==============================================================================

Image component sizes


      Code (inc. data)   RO Data    RW Data    ZI Data      Debug   Object Name

       220         30          0          0        116       1755   adc.o
        60         16          0          0          0     470398   bsp.o
        52          0          0          0          0        364   cpu_a.o
       344         48          0         28         16      15932   cpu_core.o
      1502       1008          0          0          0        324   cr4_fft_256_stm32.o
       772         42          0          3       3200       4005   display_fft.o
      1726         92        136         88        116       5756   display_menu.o
        44          4          0          0          0        782   dma.o
       240         14          0          8         16       2108   flash.o
       132         14          0          0          0        943   gpio.o
        84          0          0          0          0       1604   lib_mem.o
      1898        256          0         20       3624      43156   main.o
      2030         60       9864          0       1024      15117   oled.o
         2          0         85          0       4432      20630   os_cfg_app.o
      2374        398          0          0          0      36243   os_core.o
       132         32          0          0          0        412   os_cpu_a.o
       412         66          0          4          0       7398   os_cpu_c.o
         2          0          0          0          0        922   os_dbg.o
        24         10          0          0          0       1072   os_flag.o
        24         10          0          0          0        869   os_mem.o
       170         16          0          0          0       2168   os_msg.o
        24         10          0          0          0        953   os_mutex.o
       112         16          0          4          0       2762   os_prio.o
        24         10          0          0          0        929   os_q.o
        24         10          0          0          0        937   os_sem.o
      1180        204          0          0          0       3623   os_stat.o
      2138        178          0          0          0      11097   os_task.o
       842        120          0          0          0       5145   os_tick.o
       532         54          0          0          0       2673   os_time.o
       692        136          0          0          0       3868   os_tmr.o
         0          0          0        158       1196      18301   os_var.o
        36          8        236          0       1024        824   startup_stm32f103xb.o
       148         24          0         12          0       5503   stm32f1xx_hal.o
      1186         54          0          0          0       8190   stm32f1xx_hal_adc.o
       198         14          0          0          0      28723   stm32f1xx_hal_cortex.o
       656         32          0          0          0       3999   stm32f1xx_hal_dma.o
       392         46          0          0         32       4570   stm32f1xx_hal_flash.o
       240         26          0          0          0       3193   stm32f1xx_hal_flash_ex.o
       500         34          0          0          0       3227   stm32f1xx_hal_gpio.o
        60          8          0          0          0        890   stm32f1xx_hal_msp.o
      1730          0          0          0          0       8961   stm32f1xx_hal_pcd.o
        52          0          0          0          0       1130   stm32f1xx_hal_pcd_ex.o
      1220         82          0          0          0       4378   stm32f1xx_hal_rcc.o
       236         12          0          0          0       1376   stm32f1xx_hal_rcc_ex.o
       562         14          0          0          0       6836   stm32f1xx_hal_tim.o
        66          0          0          0          0       1300   stm32f1xx_hal_tim_ex.o
        38         12          0          0          0       4039   stm32f1xx_it.o
      1644          0          0          0          0      13969   stm32f1xx_ll_usb.o
        76         20         16          4          0       1223   system_stm32f1xx.o
       144         20          0          0         64       1654   tim.o
       512         18          0          0          0       2407   transform.o
        84         18          0          0        708        804   usb_device.o
       520         28          0          0        708      12621   usbd_conf.o
       670          0          0          0          0       9011   usbd_core.o
      1186         28          0          1          0       6960   usbd_ctlreq.o
        40          8          0         50          0       2277   usbd_custom_hid_if.o
       636         32          0        347          0      11278   usbd_customhid.o
       312        128          0         78        512       5601   usbd_desc.o
       132          0          0          0          0       4160   usbd_ioreq.o

    ----------------------------------------------------------------------
     31130       3520      10380        840      16788     841350   Object Totals
         0          0         32          0          0          0   (incl. Generated)
        42          0         11         35          0          0   (incl. Padding)

    ----------------------------------------------------------------------

      Code (inc. data)   RO Data    RW Data    ZI Data      Debug   Library Member Name

        76          0          0          0          0         84   sqrt.o
        86          0          0          0          0          0   __dczerorl2.o
         0          0          0          0          0          0   entry.o
         0          0          0          0          0          0   entry10a.o
         0          0          0          0          0          0   entry11a.o
         8          4          0          0          0          0   entry2.o
         4          0          0          0          0          0   entry5.o
         0          0          0          0          0          0   entry7b.o
         0          0          0          0          0          0   entry8b.o
         8          4          0          0          0          0   entry9a.o
        12          6          0          4          0         68   errno.o
        30          0          0          0          0          0   handlers.o
        36          8          0          0          0         68   init.o
         0          0          0          0          0          0   iusefp.o
        30          0          0          0          0         68   llshl.o
        32          0          0          0          0         68   llushr.o
        36          0          0          0          0         68   memcpya.o
        36          0          0          0          0        108   memseta.o
        56          0          0          0          0         88   d2f.o
       186          0          0          0          0        176   depilogue.o
        46          0          0          0          0         80   dscalb.o
       162          0          0          0          0        100   dsqrt.o
        38          0          0          0          0         68   f2d.o
       176          0          0          0          0        140   fadd.o
       110          0          0          0          0        168   fepilogue.o
        40          0          0          0          0         68   ffixui.o
        18          0          0          0          0         68   fflti.o
       100          0          0          0          0         76   fmul.o
        24          0          0          0          0         68   fscalb.o

    ----------------------------------------------------------------------
      1354         22          0          4          0       1632   Library Totals
         4          0          0          0          0          0   (incl. Padding)

    ----------------------------------------------------------------------

      Code (inc. data)   RO Data    RW Data    ZI Data      Debug   Library Name

        76          0          0          0          0         84   m_ws.l
       318         22          0          4          0        448   mc_w.l
       956          0          0          0          0       1100   mf_w.l

    ----------------------------------------------------------------------
      1354         22          0          4          0       1632   Library Totals

    ----------------------------------------------------------------------

==============================================================================


      Code (inc. data)   RO Data    RW Data    ZI Data      Debug   

     32484       3542      10380        844      16788     826002   Grand Totals
     32484       3542      10380        348      16788     826002   ELF Image Totals (compressed)
     32484       3542      10380        348          0          0   ROM Totals

==============================================================================

    Total RO  Size (Code + RO Data)                42864 (  41.86kB)
    Total RW  Size (RW Data + ZI Data)             17632 (  17.22kB)
    Total ROM Size (Code + RO Data + RW Data)      43212 (  42.20kB)

==============================================================================

