<html>
<body>
<pre>
<h1>µVision Build Log</h1>
<h2>Tool Versions:</h2>
IDE-Version: ¦ÌVision V5.14.0.0
Copyright (C) 2015 ARM Ltd and ARM Germany GmbH. All rights reserved.
License Information: LIANG HANWER, GOOD, LIC=NHY45-GG4FV-66IQS-L2WHX-WIZFZ-VR5WG
 
Tool Versions:
Toolchain:       MDK-ARM Professional  Version: 5.14.0.0
Toolchain Path:  E:\Keil_v5\ARM\ARMCC\Bin
C Compiler:      Armcc.exe V5.05 update 1 (build 106)
Assembler:       Armasm.exe V5.05 update 1 (build 106)
Linker/Locator:  ArmLink.exe V5.05 update 1 (build 106)
Library Manager: ArmAr.exe V5.05 update 1 (build 106)
Hex Converter:   FromElf.exe V5.05 update 1 (build 106)
CPU DLL:         SARMCM3.DLL V5.14.0.0
Dialog DLL:      DCM.DLL V1.13.1.0
Target DLL:      STLink\ST-LINKIII-KEIL_SWO.dll V2.0.14.0_KEIL
Dialog DLL:      TCM.DLL V1.14.4.0
 
<h2>Project:</h2>
D:\POTN_Code\Dashboard-APP\V1.1\POTN\MDK-ARM\POTN.uvprojx
Project File Date:  02/24/2020

<h2>Output:</h2>
Build target 'POTN'
assembling startup_stm32f103xb.s...
compiling bsp.c...
compiling cpu_core.c...
assembling cpu_a.asm...
compiling cpu_c.c...
compiling lib_ascii.c...
compiling lib_math.c...
compiling lib_mem.c...
compiling lib_str.c...
assembling lib_mem_a.asm...
compiling os_cfg_app.c...
compiling os_core.c...
compiling os_dbg.c...
compiling os_flag.c...
compiling os_int.c...
compiling os_mem.c...
compiling os_msg.c...
compiling os_mutex.c...
compiling os_pend_multi.c...
compiling os_prio.c...
compiling os_q.c...
compiling os_sem.c...
compiling os_stat.c...
compiling os_task.c...
compiling os_tick.c...
compiling os_time.c...
compiling os_tmr.c...
compiling os_var.c...
assembling os_cpu_a.s...
compiling os_cpu_c.c...
compiling os_app_hooks.c...
compiling oled.c...
..\OLED\oled.c(201): warning:  #186-D: pointless comparison of unsigned integer with zero
        if((x1<0)||(x2>128)||(y1<0)||(y2>64)||(x1>x2)||(y1>y2))return;
..\OLED\oled.c(201): warning:  #186-D: pointless comparison of unsigned integer with zero
        if((x1<0)||(x2>128)||(y1<0)||(y2>64)||(x1>x2)||(y1>y2))return;
..\OLED\oled.c(200): warning:  #177-D: variable "y0" was declared but never referenced
        u8 i,k,k1,k2,y0;
..\OLED\oled.c: 3 warnings, 0 errors
compiling display_menu.c...
compiling display_fft.c...
assembling cr4_fft_256_stm32.s...
compiling main.c...
../Inc/stm32_dsp.h(24): warning:  #47-D: incompatible redefinition of macro "u8" (declared at line 50 of "..\OLED\oled.h")
  #define u8 uint8_t
../Inc/stm32_dsp.h(26): warning:  #47-D: incompatible redefinition of macro "u32" (declared at line 51 of "..\OLED\oled.h")
  #define u32 uint32_t
../Src/main.c(308): warning:  #177-D: variable "cpu_sr" was declared but never referenced
        CPU_SR_ALLOC();
../Src/main.c(372): warning:  #177-D: variable "cpu_sr" was declared but never referenced
        CPU_SR_ALLOC();
../Src/main.c(422): warning:  #177-D: variable "cpu_sr" was declared but never referenced
        CPU_SR_ALLOC();
../Src/main.c: 5 warnings, 0 errors
compiling gpio.c...
compiling adc.c...
compiling dma.c...
compiling tim.c...
compiling usb_device.c...
compiling usbd_conf.c...
compiling usbd_desc.c...
compiling usbd_custom_hid_if.c...
compiling stm32f1xx_it.c...
compiling stm32f1xx_hal_msp.c...
compiling transform.c...
compiling stm32f1xx_hal_gpio_ex.c...
compiling stm32f1xx_hal_pcd.c...
compiling stm32f1xx_hal_pcd_ex.c...
compiling stm32f1xx_ll_usb.c...
compiling stm32f1xx_hal.c...
compiling stm32f1xx_hal_rcc.c...
compiling stm32f1xx_hal_rcc_ex.c...
compiling stm32f1xx_hal_gpio.c...
compiling stm32f1xx_hal_dma.c...
compiling stm32f1xx_hal_cortex.c...
compiling stm32f1xx_hal_pwr.c...
compiling stm32f1xx_hal_flash.c...
compiling stm32f1xx_hal_flash_ex.c...
compiling stm32f1xx_hal_exti.c...
compiling stm32f1xx_hal_adc.c...
compiling stm32f1xx_hal_adc_ex.c...
compiling stm32f1xx_hal_tim.c...
compiling stm32f1xx_hal_tim_ex.c...
compiling system_stm32f1xx.c...
compiling usbd_core.c...
compiling usbd_ctlreq.c...
compiling usbd_ioreq.c...
compiling usbd_customhid.c...
linking...
Program Size: Code=31504 RO-data=10380 RW-data=836 ZI-data=16740  
FromELF: creating hex file...
After Build - User command #1: fromelf --bin --output .\POTN\POTN.bin .\POTN\POTN.axf
"POTN\POTN.axf" - 0 Error(s), 8 Warning(s).

<h2>Software Packages used:</h2>

Package Vendor: ARM
                http://www.keil.com/pack/ARM.CMSIS.4.2.0.pack
                ARM::CMSIS:CORE:3.40.0
                CMSIS (Cortex Microcontroller Software Interface Standard)
   * Component: CORE Version: 3.40.0

<h2>Collection of Component include folders:</h2>
  D:\POTN_Code\Dashboard-APP\V1.1\POTN\MDK-ARM\RTE
  E:\Keil_v5\ARM\PACK\ARM\CMSIS\4.2.0\CMSIS\Include
  E:\Keil_v5\ARM\PACK\Keil\STM32F1xx_DFP\1.0.5\Device\Include

<h2>Collection of Component Files used:</h2>

   * Component: ARM::CMSIS:CORE:3.40.0
      Source file:   CMSIS\UserCodeTemplates\ARM\ITM_Retarget.c
</pre>
</body>
</html>
